Archive member included to satisfy reference by file (symbol)

D:/stmMX/STM32CubeIDE_1.17.0/STM32CubeIDE/plugins/com.st.stm32cube.ide.mcu.externaltools.gnu-tools-for-stm32.12.3.rel1.win32_1.1.0.202410251130/tools/bin/../lib/gcc/arm-none-eabi/12.3.1/../../../../arm-none-eabi/lib/thumb/v7e-m+fp/hard\libc_nano.a(libc_a-exit.o)
                              D:/stmMX/STM32CubeIDE_1.17.0/STM32CubeIDE/plugins/com.st.stm32cube.ide.mcu.externaltools.gnu-tools-for-stm32.12.3.rel1.win32_1.1.0.202410251130/tools/bin/../lib/gcc/arm-none-eabi/12.3.1/../../../../arm-none-eabi/lib/thumb/v7e-m+fp/hard/crt0.o (exit)
D:/stmMX/STM32CubeIDE_1.17.0/STM32CubeIDE/plugins/com.st.stm32cube.ide.mcu.externaltools.gnu-tools-for-stm32.12.3.rel1.win32_1.1.0.202410251130/tools/bin/../lib/gcc/arm-none-eabi/12.3.1/../../../../arm-none-eabi/lib/thumb/v7e-m+fp/hard\libc_nano.a(libc_a-findfp.o)
                              D:/stmMX/STM32CubeIDE_1.17.0/STM32CubeIDE/plugins/com.st.stm32cube.ide.mcu.externaltools.gnu-tools-for-stm32.12.3.rel1.win32_1.1.0.202410251130/tools/bin/../lib/gcc/arm-none-eabi/12.3.1/../../../../arm-none-eabi/lib/thumb/v7e-m+fp/hard\libc_nano.a(libc_a-exit.o) (__stdio_exit_handler)
D:/stmMX/STM32CubeIDE_1.17.0/STM32CubeIDE/plugins/com.st.stm32cube.ide.mcu.externaltools.gnu-tools-for-stm32.12.3.rel1.win32_1.1.0.202410251130/tools/bin/../lib/gcc/arm-none-eabi/12.3.1/../../../../arm-none-eabi/lib/thumb/v7e-m+fp/hard\libc_nano.a(libc_a-fwalk.o)
                              D:/stmMX/STM32CubeIDE_1.17.0/STM32CubeIDE/plugins/com.st.stm32cube.ide.mcu.externaltools.gnu-tools-for-stm32.12.3.rel1.win32_1.1.0.202410251130/tools/bin/../lib/gcc/arm-none-eabi/12.3.1/../../../../arm-none-eabi/lib/thumb/v7e-m+fp/hard\libc_nano.a(libc_a-findfp.o) (_fwalk_sglue)
D:/stmMX/STM32CubeIDE_1.17.0/STM32CubeIDE/plugins/com.st.stm32cube.ide.mcu.externaltools.gnu-tools-for-stm32.12.3.rel1.win32_1.1.0.202410251130/tools/bin/../lib/gcc/arm-none-eabi/12.3.1/../../../../arm-none-eabi/lib/thumb/v7e-m+fp/hard\libc_nano.a(libc_a-stdio.o)
                              D:/stmMX/STM32CubeIDE_1.17.0/STM32CubeIDE/plugins/com.st.stm32cube.ide.mcu.externaltools.gnu-tools-for-stm32.12.3.rel1.win32_1.1.0.202410251130/tools/bin/../lib/gcc/arm-none-eabi/12.3.1/../../../../arm-none-eabi/lib/thumb/v7e-m+fp/hard\libc_nano.a(libc_a-findfp.o) (__sread)
D:/stmMX/STM32CubeIDE_1.17.0/STM32CubeIDE/plugins/com.st.stm32cube.ide.mcu.externaltools.gnu-tools-for-stm32.12.3.rel1.win32_1.1.0.202410251130/tools/bin/../lib/gcc/arm-none-eabi/12.3.1/../../../../arm-none-eabi/lib/thumb/v7e-m+fp/hard\libc_nano.a(libc_a-memset.o)
                              D:/stmMX/STM32CubeIDE_1.17.0/STM32CubeIDE/plugins/com.st.stm32cube.ide.mcu.externaltools.gnu-tools-for-stm32.12.3.rel1.win32_1.1.0.202410251130/tools/bin/../lib/gcc/arm-none-eabi/12.3.1/../../../../arm-none-eabi/lib/thumb/v7e-m+fp/hard/crt0.o (memset)
D:/stmMX/STM32CubeIDE_1.17.0/STM32CubeIDE/plugins/com.st.stm32cube.ide.mcu.externaltools.gnu-tools-for-stm32.12.3.rel1.win32_1.1.0.202410251130/tools/bin/../lib/gcc/arm-none-eabi/12.3.1/../../../../arm-none-eabi/lib/thumb/v7e-m+fp/hard\libc_nano.a(libc_a-closer.o)
                              D:/stmMX/STM32CubeIDE_1.17.0/STM32CubeIDE/plugins/com.st.stm32cube.ide.mcu.externaltools.gnu-tools-for-stm32.12.3.rel1.win32_1.1.0.202410251130/tools/bin/../lib/gcc/arm-none-eabi/12.3.1/../../../../arm-none-eabi/lib/thumb/v7e-m+fp/hard\libc_nano.a(libc_a-stdio.o) (_close_r)
D:/stmMX/STM32CubeIDE_1.17.0/STM32CubeIDE/plugins/com.st.stm32cube.ide.mcu.externaltools.gnu-tools-for-stm32.12.3.rel1.win32_1.1.0.202410251130/tools/bin/../lib/gcc/arm-none-eabi/12.3.1/../../../../arm-none-eabi/lib/thumb/v7e-m+fp/hard\libc_nano.a(libc_a-reent.o)
                              D:/stmMX/STM32CubeIDE_1.17.0/STM32CubeIDE/plugins/com.st.stm32cube.ide.mcu.externaltools.gnu-tools-for-stm32.12.3.rel1.win32_1.1.0.202410251130/tools/bin/../lib/gcc/arm-none-eabi/12.3.1/../../../../arm-none-eabi/lib/thumb/v7e-m+fp/hard\libc_nano.a(libc_a-closer.o) (errno)
D:/stmMX/STM32CubeIDE_1.17.0/STM32CubeIDE/plugins/com.st.stm32cube.ide.mcu.externaltools.gnu-tools-for-stm32.12.3.rel1.win32_1.1.0.202410251130/tools/bin/../lib/gcc/arm-none-eabi/12.3.1/../../../../arm-none-eabi/lib/thumb/v7e-m+fp/hard\libc_nano.a(libc_a-impure.o)
                              D:/stmMX/STM32CubeIDE_1.17.0/STM32CubeIDE/plugins/com.st.stm32cube.ide.mcu.externaltools.gnu-tools-for-stm32.12.3.rel1.win32_1.1.0.202410251130/tools/bin/../lib/gcc/arm-none-eabi/12.3.1/../../../../arm-none-eabi/lib/thumb/v7e-m+fp/hard\libc_nano.a(libc_a-reent.o) (_impure_ptr)
D:/stmMX/STM32CubeIDE_1.17.0/STM32CubeIDE/plugins/com.st.stm32cube.ide.mcu.externaltools.gnu-tools-for-stm32.12.3.rel1.win32_1.1.0.202410251130/tools/bin/../lib/gcc/arm-none-eabi/12.3.1/../../../../arm-none-eabi/lib/thumb/v7e-m+fp/hard\libc_nano.a(libc_a-lseekr.o)
[...]
Memory Configuration

Name             Origin             Length             Attributes
RAM              0x20000000         0x00008000         xrw
FLASH            0x08000000         0x00020000         xr
*default*        0x00000000         0xffffffff

Linker script and memory map

LOAD D:/stmMX/STM32CubeIDE_1.17.0/STM32CubeIDE/plugins/com.st.stm32cube.ide.mcu.externaltools.gnu-tools-for-stm32.12.3.rel1.win32_1.1.0.202410251130/tools/bin/../lib/gcc/arm-none-eabi/12.3.1/thumb/v7e-m+fp/hard/crti.o
LOAD D:/stmMX/STM32CubeIDE_1.17.0/STM32CubeIDE/plugins/com.st.stm32cube.ide.mcu.externaltools.gnu-tools-for-stm32.12.3.rel1.win32_1.1.0.202410251130/tools/bin/../lib/gcc/arm-none-eabi/12.3.1/thumb/v7e-m+fp/hard/crtbegin.o
LOAD D:/stmMX/STM32CubeIDE_1.17.0/STM32CubeIDE/plugins/com.st.stm32cube.ide.mcu.externaltools.gnu-tools-for-stm32.12.3.rel1.win32_1.1.0.202410251130/tools/bin/../lib/gcc/arm-none-eabi/12.3.1/../../../../arm-none-eabi/lib/thumb/v7e-m+fp/hard/crt0.o
LOAD ./Core/Src/main.o
LOAD ./Core/Src/stm32g4xx_hal_msp.o
LOAD ./Core/Src/stm32g4xx_it.o
LOAD ./Core/Src/syscalls.o
LOAD ./Core/Src/sysmem.o
LOAD ./Core/Src/system_stm32g4xx.o
LOAD ./Core/Startup/startup_stm32g431rbtx.o
LOAD ./Drivers/BSP/STM32G4xx_Nucleo/stm32g4xx_nucleo.o
LOAD ./Drivers/STM32G4xx_HAL_Driver/Src/stm32g4xx_hal.o
LOAD ./Drivers/STM32G4xx_HAL_Driver/Src/stm32g4xx_hal_cortex.o
LOAD ./Drivers/STM32G4xx_HAL_Driver/Src/stm32g4xx_hal_dma.o
LOAD ./Drivers/STM32G4xx_HAL_Driver/Src/stm32g4xx_hal_dma_ex.o
LOAD ./Drivers/STM32G4xx_HAL_Driver/Src/stm32g4xx_hal_exti.o
LOAD ./Drivers/STM32G4xx_HAL_Driver/Src/stm32g4xx_hal_flash.o
LOAD ./Drivers/STM32G4xx_HAL_Driver/Src/stm32g4xx_hal_flash_ex.o
LOAD ./Drivers/STM32G4xx_HAL_Driver/Src/stm32g4xx_hal_flash_ramfunc.o
LOAD ./Drivers/STM32G4xx_HAL_Driver/Src/stm32g4xx_hal_gpio.o
LOAD ./Drivers/STM32G4xx_HAL_Driver/Src/stm32g4xx_hal_i2c.o
LOAD ./Drivers/STM32G4xx_HAL_Driver/Src/stm32g4xx_hal_i2c_ex.o
LOAD ./Drivers/STM32G4xx_HAL_Driver/Src/stm32g4xx_hal_pwr.o
LOAD ./Drivers/STM32G4xx_HAL_Driver/Src/stm32g4xx_hal_pwr_ex.o
LOAD ./Drivers/STM32G4xx_HAL_Driver/Src/stm32g4xx_hal_rcc.o
LOAD ./Drivers/STM32G4xx_HAL_Driver/Src/stm32g4xx_hal_rcc_ex.o
LOAD ./Drivers/STM32G4xx_HAL_Driver/Src/stm32g4xx_hal_uart.o
LOAD ./Drivers/STM32G4xx_HAL_Driver/Src/stm32g4xx_hal_uart_ex.o
LOAD ./Drivers/STM32G4xx_HAL_Driver/Src/stm32g4xx_hal_usart.o
LOAD ./Drivers/STM32G4xx_HAL_Driver/Src/stm32g4xx_hal_usart_ex.o
START GROUP
LOAD D:/stmMX/STM32CubeIDE_1.17.0/STM32CubeIDE/plugins/com.st.stm32cube.ide.mcu.externaltools.gnu-tools-for-stm32.12.3.rel1.win32_1.1.0.202410251130/tools/bin/../lib/gcc/arm-none-eabi/12.3.1/../../../../arm-none-eabi/lib/thumb/v7e-m+fp/hard\libc_nano.a
LOAD D:/stmMX/STM32CubeIDE_1.17.0/STM32CubeIDE/plugins/com.st.stm32cube.ide.mcu.externaltools.gnu-tools-for-stm32.12.3.rel1.win32_1.1.0.202410251130/tools/bin/../lib/gcc/arm-none-eabi/12.3.1/../../../../arm-none-eabi/lib/thumb/v7e-m+fp/hard\libm.a
END GROUP
START GROUP
LOAD D:/stmMX/STM32CubeIDE_1.17.0/STM32CubeIDE/plugins/com.st.stm32cube.ide.mcu.externaltools.gnu-tools-for-stm32.12.3.rel1.win32_1.1.0.202410251130/tools/bin/../lib/gcc/arm-none-eabi/12.3.1/thumb/v7e-m+fp/hard\libgcc.a
LOAD D:/stmMX/STM32CubeIDE_1.17.0/STM32CubeIDE/plugins/com.st.stm32cube.ide.mcu.externaltools.gnu-tools-for-stm32.12.3.rel1.win32_1.1.0.202410251130/tools/bin/../lib/gcc/arm-none-eabi/12.3.1/../../../../arm-none-eabi/lib/thumb/v7e-m+fp/hard\libc_nano.a
END GROUP
START GROUP
LOAD D:/stmMX/STM32CubeIDE_1.17.0/STM32CubeIDE/plugins/com.st.stm32cube.ide.mcu.externaltools.gnu-tools-for-stm32.12.3.rel1.win32_1.1.0.202410251130/tools/bin/../lib/gcc/arm-none-eabi/12.3.1/thumb/v7e-m+fp/hard\libgcc.a
LOAD D:/stmMX/STM32CubeIDE_1.17.0/STM32CubeIDE/plugins/com.st.stm32cube.ide.mcu.externaltools.gnu-tools-for-stm32.12.3.rel1.win32_1.1.0.202410251130/tools/bin/../lib/gcc/arm-none-eabi/12.3.1/../../../../arm-none-eabi/lib/thumb/v7e-m+fp/hard\libc_nano.a
LOAD D:/stmMX/STM32CubeIDE_1.17.0/STM32CubeIDE/plugins/com.st.stm32cube.ide.mcu.externaltools.gnu-tools-for-stm32.12.3.rel1.win32_1.1.0.202410251130/tools/bin/../lib/gcc/arm-none-eabi/12.3.1/../../../../arm-none-eabi/lib/thumb/v7e-m+fp/hard\libnosys.a
END GROUP
START GROUP
LOAD D:/stmMX/STM32CubeIDE_1.17.0/STM32CubeIDE/plugins/com.st.stm32cube.ide.mcu.externaltools.gnu-tools-for-stm32.12.3.rel1.win32_1.1.0.202410251130/tools/bin/../lib/gcc/arm-none-eabi/12.3.1/thumb/v7e-m+fp/hard\libgcc.a
LOAD D:/stmMX/STM32CubeIDE_1.17.0/STM32CubeIDE/plugins/com.st.stm32cube.ide.mcu.externaltools.gnu-tools-for-stm32.12.3.rel1.win32_1.1.0.202410251130/tools/bin/../lib/gcc/arm-none-eabi/12.3.1/../../../../arm-none-eabi/lib/thumb/v7e-m+fp/hard\libc_nano.a
LOAD D:/stmMX/STM32CubeIDE_1.17.0/STM32CubeIDE/plugins/com.st.stm32cube.ide.mcu.externaltools.gnu-tools-for-stm32.12.3.rel1.win32_1.1.0.202410251130/tools/bin/../lib/gcc/arm-none-eabi/12.3.1/../../../../arm-none-eabi/lib/thumb/v7e-m+fp/hard\libnosys.a
END GROUP
LOAD D:/stmMX/STM32CubeIDE_1.17.0/STM32CubeIDE/plugins/com.st.stm32cube.ide.mcu.externaltools.gnu-tools-for-stm32.12.3.rel1.win32_1.1.0.202410251130/tools/bin/../lib/gcc/arm-none-eabi/12.3.1/thumb/v7e-m+fp/hard/crtend.o
LOAD D:/stmMX/STM32CubeIDE_1.17.0/STM32CubeIDE/plugins/com.st.stm32cube.ide.mcu.externaltools.gnu-tools-for-stm32.12.3.rel1.win32_1.1.0.202410251130/tools/bin/../lib/gcc/arm-none-eabi/12.3.1/thumb/v7e-m+fp/hard/crtn.o
                0x20008000                        _estack = (ORIGIN (RAM) + LENGTH (RAM))
                0x00000200                        _Min_Heap_Size = 0x200
                0x00000400                        _Min_Stack_Size = 0x400

.isr_vector     0x08000000      0x1d8
                0x08000000                        . = ALIGN (0x4)
 *(.isr_vector)
 .isr_vector    0x08000000      0x1d8 ./Core/Startup/startup_stm32g431rbtx.o
                0x08000000                g_pfnVectors
                0x080001d8                        . = ALIGN (0x4)

.text           0x080001d8     0x3930
                0x080001d8                        . = ALIGN (0x4)
 *(.text)
 .text          0x080001d8       0x40 D:/stmMX/STM32CubeIDE_1.17.0/STM32CubeIDE/plugins/com.st.stm32cube.ide.mcu.externaltools.gnu-tools-for-stm32.12.3.rel1.win32_1.1.0.202410251130/tools/bin/../lib/gcc/arm-none-eabi/12.3.1/thumb/v7e-m+fp/hard/crtbegin.o
 .text          0x08000218       0x30 D:/stmMX/STM32CubeIDE_1.17.0/STM32CubeIDE/plugins/com.st.stm32cube.ide.mcu.externaltools.gnu-tools-for-stm32.12.3.rel1.win32_1.1.0.202410251130/tools/bin/../lib/gcc/arm-none-eabi/12.3.1/thumb/v7e-m+fp/hard\libgcc.a(_aeabi_uldivmod.o)
                0x08000218                __aeabi_uldivmod
 .text          0x08000248      0x2bc D:/stmMX/STM32CubeIDE_1.17.0/STM32CubeIDE/plugins/com.st.stm32cube.ide.mcu.externaltools.gnu-tools-for-stm32.12.3.rel1.win32_1.1.0.202410251130/tools/bin/../lib/gcc/arm-none-eabi/12.3.1/thumb/v7e-m+fp/hard\libgcc.a(_udivmoddi4.o)
                0x08000248                __udivmoddi4
 .text          0x08000504        0x4 D:/stmMX/STM32CubeIDE_1.17.0/STM32CubeIDE/plugins/com.st.stm32cube.ide.mcu.externaltools.gnu-tools-for-stm32.12.3.rel1.win32_1.1.0.202410251130/tools/bin/../lib/gcc/arm-none-eabi/12.3.1/thumb/v7e-m+fp/hard\libgcc.a(_dvmd_tls.o)
                0x08000504                __aeabi_idiv0
                0x08000504                __aeabi_ldiv0
 *(.text*)
 .text.main     0x08000508       0xb4 ./Core/Src/main.o
                0x08000508                main
 .text.SystemClock_Config
                0x080005bc       0x92 ./Core/Src/main.o
                0x080005bc                SystemClock_Config
 *fill*         0x0800064e        0x2 
 .text.MX_I2C1_Init
                0x08000650       0x80 ./Core/Src/main.o
 .text.MX_I2C2_Init
                0x080006d0       0x80 ./Core/Src/main.o
 .text.MX_GPIO_Init
                0x08000750       0x78 ./Core/Src/main.o
 .text.Error_Handler
                0x080007c8        0xc ./Core/Src/main.o
                0x080007c8                Error_Handler
 .text.HAL_MspInit
                0x080007d4       0x48 ./Core/Src/stm32g4xx_hal_msp.o
                0x080007d4                HAL_MspInit
 .text.HAL_I2C_MspInit
                0x0800081c      0x170 ./Core/Src/stm32g4xx_hal_msp.o
                0x0800081c                HAL_I2C_MspInit
 .text.NMI_Handler
                0x0800098c        0x8 ./Core/Src/stm32g4xx_it.o
                0x0800098c                NMI_Handler
 .text.HardFault_Handler
                0x08000994        0x8 ./Core/Src/stm32g4xx_it.o
                0x08000994                HardFault_Handler
 .text.MemManage_Handler
                0x0800099c        0x8 ./Core/Src/stm32g4xx_it.o
                0x0800099c                MemManage_Handler
 .text.BusFault_Handler
                0x080009a4        0x8 ./Core/Src/stm32g4xx_it.o
                0x080009a4                BusFault_Handler
 .text.UsageFault_Handler
                0x080009ac        0x8 ./Core/Src/stm32g4xx_it.o
                0x080009ac                UsageFault_Handler
 .text.SVC_Handler
                0x080009b4        0xe ./Core/Src/stm32g4xx_it.o
                0x080009b4                SVC_Handler
 .text.DebugMon_Handler
                0x080009c2        0xe ./Core/Src/stm32g4xx_it.o
                0x080009c2                DebugMon_Handler
 .text.PendSV_Handler
                0x080009d0        0xe ./Core/Src/stm32g4xx_it.o
                0x080009d0                PendSV_Handler
 .text.SysTick_Handler
                0x080009de        0xc ./Core/Src/stm32g4xx_it.o
                0x080009de                SysTick_Handler
 .text.EXTI15_10_IRQHandler
                0x080009ea        0xe ./Core/Src/stm32g4xx_it.o
                0x080009ea                EXTI15_10_IRQHandler
 .text.SystemInit
                0x080009f8       0x24 ./Core/Src/system_stm32g4xx.o
                0x080009f8                SystemInit
 .text.Reset_Handler
                0x08000a1c       0x50 ./Core/Startup/startup_stm32g431rbtx.o
                0x08000a1c                Reset_Handler
 .text.Default_Handler
                0x08000a6c        0x2 ./Core/Startup/startup_stm32g431rbtx.o
                0x08000a6c                RTC_Alarm_IRQHandler
                0x08000a6c                EXTI2_IRQHandler
                0x08000a6c                TIM8_TRG_COM_IRQHandler
                0x08000a6c                TIM8_CC_IRQHandler
                0x08000a6c                TIM1_CC_IRQHandler
                0x08000a6c                USB_HP_IRQHandler
                0x08000a6c                CORDIC_IRQHandler
                0x08000a6c                EXTI3_IRQHandler
                0x08000a6c                I2C3_ER_IRQHandler
                0x08000a6c                EXTI0_IRQHandler
                0x08000a6c                I2C2_EV_IRQHandler
                0x08000a6c                FPU_IRQHandler
                0x08000a6c                FDCAN1_IT1_IRQHandler
                0x08000a6c                TIM1_UP_TIM16_IRQHandler
                0x08000a6c                ADC1_2_IRQHandler
                0x08000a6c                SPI1_IRQHandler
                0x08000a6c                TIM6_DAC_IRQHandler
                0x08000a6c                TIM8_UP_IRQHandler
                0x08000a6c                DMA2_Channel2_IRQHandler
                0x08000a6c                DMA1_Channel4_IRQHandler
                0x08000a6c                USART3_IRQHandler
                0x08000a6c                TIM4_IRQHandler
                0x08000a6c                DMA2_Channel1_IRQHandler
                0x08000a6c                I2C1_EV_IRQHandler
                0x08000a6c                DMA1_Channel6_IRQHandler
                0x08000a6c                UART4_IRQHandler
                0x08000a6c                DMA2_Channel4_IRQHandler
                0x08000a6c                TIM3_IRQHandler
                0x08000a6c                RCC_IRQHandler
                0x08000a6c                DMA1_Channel1_IRQHandler
                0x08000a6c                Default_Handler
                0x08000a6c                RTC_TAMP_LSECSS_IRQHandler
                0x08000a6c                FMAC_IRQHandler
                0x08000a6c                TIM7_IRQHandler
                0x08000a6c                UCPD1_IRQHandler
                0x08000a6c                I2C3_EV_IRQHandler
                0x08000a6c                EXTI9_5_IRQHandler
                0x08000a6c                RTC_WKUP_IRQHandler
                0x08000a6c                PVD_PVM_IRQHandler
                0x08000a6c                SPI2_IRQHandler
                0x08000a6c                DMA2_Channel5_IRQHandler
                0x08000a6c                CRS_IRQHandler
                0x08000a6c                DMA1_Channel5_IRQHandler
                0x08000a6c                USB_LP_IRQHandler
                0x08000a6c                EXTI4_IRQHandler
                0x08000a6c                RNG_IRQHandler
                0x08000a6c                TIM1_TRG_COM_TIM17_IRQHandler
                0x08000a6c                DMA1_Channel3_IRQHandler
                0x08000a6c                WWDG_IRQHandler
                0x08000a6c                LPUART1_IRQHandler
                0x08000a6c                DMA2_Channel6_IRQHandler
                0x08000a6c                FDCAN1_IT0_IRQHandler
                0x08000a6c                TIM2_IRQHandler
                0x08000a6c                COMP1_2_3_IRQHandler
                0x08000a6c                EXTI1_IRQHandler
                0x08000a6c                USART2_IRQHandler
                0x08000a6c                I2C2_ER_IRQHandler
                0x08000a6c                DMA1_Channel2_IRQHandler
                0x08000a6c                TIM8_BRK_IRQHandler
                0x08000a6c                FLASH_IRQHandler
                0x08000a6c                USART1_IRQHandler
                0x08000a6c                SPI3_IRQHandler
                0x08000a6c                I2C1_ER_IRQHandler
                0x08000a6c                LPTIM1_IRQHandler
                0x08000a6c                DMAMUX_OVR_IRQHandler
                0x08000a6c                USBWakeUp_IRQHandler
                0x08000a6c                SAI1_IRQHandler
                0x08000a6c                DMA2_Channel3_IRQHandler
                0x08000a6c                COMP4_IRQHandler
                0x08000a6c                TIM1_BRK_TIM15_IRQHandler
 *fill*         0x08000a6e        0x2 
 .text.BSP_LED_Init
                0x08000a70       0x6c ./Drivers/BSP/STM32G4xx_Nucleo/stm32g4xx_nucleo.o
                0x08000a70                BSP_LED_Init
 .text.BSP_PB_Init
                0x08000adc       0xdc ./Drivers/BSP/STM32G4xx_Nucleo/stm32g4xx_nucleo.o
                0x08000adc                BSP_PB_Init
 .text.BSP_PB_IRQHandler
                0x08000bb8       0x24 ./Drivers/BSP/STM32G4xx_Nucleo/stm32g4xx_nucleo.o
                0x08000bb8                BSP_PB_IRQHandler
 .text.BSP_PB_Callback
                0x08000bdc       0x16 ./Drivers/BSP/STM32G4xx_Nucleo/stm32g4xx_nucleo.o
                0x08000bdc                BSP_PB_Callback
 *fill*         0x08000bf2        0x2 
 .text.BSP_COM_Init
                0x08000bf4       0x60 ./Drivers/BSP/STM32G4xx_Nucleo/stm32g4xx_nucleo.o
                0x08000bf4                BSP_COM_Init
 .text.MX_LPUART1_Init
                0x08000c54       0x64 ./Drivers/BSP/STM32G4xx_Nucleo/stm32g4xx_nucleo.o
                0x08000c54                MX_LPUART1_Init
 .text.BUTTON_USER_EXTI_Callback
                0x08000cb8        0xe ./Drivers/BSP/STM32G4xx_Nucleo/stm32g4xx_nucleo.o
 *fill*         0x08000cc6        0x2 
 .text.COM1_MspInit
                0x08000cc8       0x98 ./Drivers/BSP/STM32G4xx_Nucleo/stm32g4xx_nucleo.o
 .text.HAL_Init
                0x08000d60       0x30 ./Drivers/STM32G4xx_HAL_Driver/Src/stm32g4xx_hal.o
                0x08000d60                HAL_Init
 .text.HAL_InitTick
                0x08000d90       0x74 ./Drivers/STM32G4xx_HAL_Driver/Src/stm32g4xx_hal.o
                0x08000d90                HAL_InitTick
 .text.HAL_IncTick
                0x08000e04       0x24 ./Drivers/STM32G4xx_HAL_Driver/Src/stm32g4xx_hal.o
                0x08000e04                HAL_IncTick
 .text.HAL_GetTick
                0x08000e28       0x18 ./Drivers/STM32G4xx_HAL_Driver/Src/stm32g4xx_hal.o
                0x08000e28                HAL_GetTick
 .text.HAL_Delay
                0x08000e40       0x44 ./Drivers/STM32G4xx_HAL_Driver/Src/stm32g4xx_hal.o
                0x08000e40                HAL_Delay
 .text.__NVIC_SetPriorityGrouping
                0x08000e84       0x48 ./Drivers/STM32G4xx_HAL_Driver/Src/stm32g4xx_hal_cortex.o
 .text.__NVIC_GetPriorityGrouping
                0x08000ecc       0x1c ./Drivers/STM32G4xx_HAL_Driver/Src/stm32g4xx_hal_cortex.o
 .text.__NVIC_EnableIRQ
                0x08000ee8       0x3c ./Drivers/STM32G4xx_HAL_Driver/Src/stm32g4xx_hal_cortex.o
 .text.__NVIC_SetPriority
                0x08000f24       0x54 ./Drivers/STM32G4xx_HAL_Driver/Src/stm32g4xx_hal_cortex.o
 .text.NVIC_EncodePriority
                0x08000f78       0x66 ./Drivers/STM32G4xx_HAL_Driver/Src/stm32g4xx_hal_cortex.o
 *fill*         0x08000fde        0x2 
 .text.SysTick_Config
                0x08000fe0       0x44 ./Drivers/STM32G4xx_HAL_Driver/Src/stm32g4xx_hal_cortex.o
 .text.HAL_NVIC_SetPriorityGrouping
                0x08001024       0x16 ./Drivers/STM32G4xx_HAL_Driver/Src/stm32g4xx_hal_cortex.o
                0x08001024                HAL_NVIC_SetPriorityGrouping
 .text.HAL_NVIC_SetPriority
                0x0800103a       0x34 ./Drivers/STM32G4xx_HAL_Driver/Src/stm32g4xx_hal_cortex.o
                0x0800103a                HAL_NVIC_SetPriority
 .text.HAL_NVIC_EnableIRQ
                0x0800106e       0x1c ./Drivers/STM32G4xx_HAL_Driver/Src/stm32g4xx_hal_cortex.o
                0x0800106e                HAL_NVIC_EnableIRQ
 .text.HAL_SYSTICK_Config
                0x0800108a       0x18 ./Drivers/STM32G4xx_HAL_Driver/Src/stm32g4xx_hal_cortex.o
                0x0800108a                HAL_SYSTICK_Config
 .text.HAL_EXTI_RegisterCallback
                0x080010a2       0x3a ./Drivers/STM32G4xx_HAL_Driver/Src/stm32g4xx_hal_exti.o
                0x080010a2                HAL_EXTI_RegisterCallback
 .text.HAL_EXTI_GetHandle
                0x080010dc       0x28 ./Drivers/STM32G4xx_HAL_Driver/Src/stm32g4xx_hal_exti.o
                0x080010dc                HAL_EXTI_GetHandle
 .text.HAL_EXTI_IRQHandler
                0x08001104       0x60 ./Drivers/STM32G4xx_HAL_Driver/Src/stm32g4xx_hal_exti.o
                0x08001104                HAL_EXTI_IRQHandler
 .text.HAL_GPIO_Init
                0x08001164      0x304 ./Drivers/STM32G4xx_HAL_Driver/Src/stm32g4xx_hal_gpio.o
                0x08001164                HAL_GPIO_Init
 .text.HAL_GPIO_WritePin
                0x08001468       0x30 ./Drivers/STM32G4xx_HAL_Driver/Src/stm32g4xx_hal_gpio.o
                0x08001468                HAL_GPIO_WritePin
 .text.HAL_I2C_Init
                0x08001498      0x136 ./Drivers/STM32G4xx_HAL_Driver/Src/stm32g4xx_hal_i2c.o
                0x08001498                HAL_I2C_Init
 *fill*         0x080015ce        0x2 
 .text.HAL_I2C_Master_Transmit
                0x080015d0      0x230 ./Drivers/STM32G4xx_HAL_Driver/Src/stm32g4xx_hal_i2c.o
                0x080015d0                HAL_I2C_Master_Transmit
 .text.HAL_I2C_Master_Receive
                0x08001800      0x1ec ./Drivers/STM32G4xx_HAL_Driver/Src/stm32g4xx_hal_i2c.o
                0x08001800                HAL_I2C_Master_Receive
 .text.I2C_Flush_TXDR
                0x080019ec       0x48 ./Drivers/STM32G4xx_HAL_Driver/Src/stm32g4xx_hal_i2c.o
 .text.I2C_WaitOnFlagUntilTimeout
                0x08001a34       0xb2 ./Drivers/STM32G4xx_HAL_Driver/Src/stm32g4xx_hal_i2c.o
 .text.I2C_WaitOnTXISFlagUntilTimeout
                0x08001ae6       0x8e ./Drivers/STM32G4xx_HAL_Driver/Src/stm32g4xx_hal_i2c.o
 .text.I2C_WaitOnSTOPFlagUntilTimeout
                0x08001b74       0x86 ./Drivers/STM32G4xx_HAL_Driver/Src/stm32g4xx_hal_i2c.o
 *fill*         0x08001bfa        0x2 
 .text.I2C_WaitOnRXNEFlagUntilTimeout
                0x08001bfc      0x118 ./Drivers/STM32G4xx_HAL_Driver/Src/stm32g4xx_hal_i2c.o
 .text.I2C_IsErrorOccurred
                0x08001d14      0x1c0 ./Drivers/STM32G4xx_HAL_Driver/Src/stm32g4xx_hal_i2c.o
 .text.I2C_TransferConfig
                0x08001ed4       0x64 ./Drivers/STM32G4xx_HAL_Driver/Src/stm32g4xx_hal_i2c.o
 .text.HAL_I2CEx_ConfigAnalogFilter
                0x08001f38       0x96 ./Drivers/STM32G4xx_HAL_Driver/Src/stm32g4xx_hal_i2c_ex.o
                0x08001f38                HAL_I2CEx_ConfigAnalogFilter
 .text.HAL_I2CEx_ConfigDigitalFilter
                0x08001fce       0x98 ./Drivers/STM32G4xx_HAL_Driver/Src/stm32g4xx_hal_i2c_ex.o
                0x08001fce                HAL_I2CEx_ConfigDigitalFilter
 *fill*         0x08002066        0x2 
 .text.HAL_PWREx_ControlVoltageScaling
                0x08002068      0x148 ./Drivers/STM32G4xx_HAL_Driver/Src/stm32g4xx_hal_pwr_ex.o
                0x08002068                HAL_PWREx_ControlVoltageScaling
 .text.HAL_PWREx_DisableUCPDDeadBattery
                0x080021b0       0x20 ./Drivers/STM32G4xx_HAL_Driver/Src/stm32g4xx_hal_pwr_ex.o
                0x080021b0                HAL_PWREx_DisableUCPDDeadBattery
 .text.HAL_RCC_OscConfig
                0x080021d0      0x624 ./Drivers/STM32G4xx_HAL_Driver/Src/stm32g4xx_hal_rcc.o
                0x080021d0                HAL_RCC_OscConfig
 .text.HAL_RCC_ClockConfig
                0x080027f4      0x278 ./Drivers/STM32G4xx_HAL_Driver/Src/stm32g4xx_hal_rcc.o
                0x080027f4                HAL_RCC_ClockConfig
 .text.HAL_RCC_GetSysClockFreq
                0x08002a6c       0xc4 ./Drivers/STM32G4xx_HAL_Driver/Src/stm32g4xx_hal_rcc.o
                0x08002a6c                HAL_RCC_GetSysClockFreq
 .text.HAL_RCC_GetHCLKFreq
                0x08002b30       0x18 ./Drivers/STM32G4xx_HAL_Driver/Src/stm32g4xx_hal_rcc.o
                0x08002b30                HAL_RCC_GetHCLKFreq
 .text.HAL_RCC_GetPCLK1Freq
                0x08002b48       0x2c ./Drivers/STM32G4xx_HAL_Driver/Src/stm32g4xx_hal_rcc.o
                0x08002b48                HAL_RCC_GetPCLK1Freq
 .text.HAL_RCC_GetPCLK2Freq
                0x08002b74       0x2c ./Drivers/STM32G4xx_HAL_Driver/Src/stm32g4xx_hal_rcc.o
                0x08002b74                HAL_RCC_GetPCLK2Freq
 .text.RCC_GetSysClockFreqFromPLLSource
                0x08002ba0       0x8c ./Drivers/STM32G4xx_HAL_Driver/Src/stm32g4xx_hal_rcc.o
 .text.HAL_RCCEx_PeriphCLKConfig
                0x08002c2c      0x3e0 ./Drivers/STM32G4xx_HAL_Driver/Src/stm32g4xx_hal_rcc_ex.o
                0x08002c2c                HAL_RCCEx_PeriphCLKConfig
 .text.HAL_UART_Init
                0x0800300c       0xa0 ./Drivers/STM32G4xx_HAL_Driver/Src/stm32g4xx_hal_uart.o
                0x0800300c                HAL_UART_Init
 .text.HAL_UART_MspInit
                0x080030ac       0x14 ./Drivers/STM32G4xx_HAL_Driver/Src/stm32g4xx_hal_uart.o
                0x080030ac                HAL_UART_MspInit
 .text.UART_SetConfig
                0x080030c0      0x598 ./Drivers/STM32G4xx_HAL_Driver/Src/stm32g4xx_hal_uart.o
                0x080030c0                UART_SetConfig
 .text.UART_AdvFeatureConfig
                0x08003658      0x144 ./Drivers/STM32G4xx_HAL_Driver/Src/stm32g4xx_hal_uart.o
                0x08003658                UART_AdvFeatureConfig
 .text.UART_CheckIdleState
                0x0800379c      0x154 ./Drivers/STM32G4xx_HAL_Driver/Src/stm32g4xx_hal_uart.o
                0x0800379c                UART_CheckIdleState
 .text.UART_WaitOnFlagUntilTimeout
                0x080038f0       0xda ./Drivers/STM32G4xx_HAL_Driver/Src/stm32g4xx_hal_uart.o
                0x080038f0                UART_WaitOnFlagUntilTimeout
 .text.UART_EndRxTransfer
                0x080039ca       0xcc ./Drivers/STM32G4xx_HAL_Driver/Src/stm32g4xx_hal_uart.o
 .text.memset   0x08003a96       0x10 D:/stmMX/STM32CubeIDE_1.17.0/STM32CubeIDE/plugins/com.st.stm32cube.ide.mcu.externaltools.gnu-tools-for-stm32.12.3.rel1.win32_1.1.0.202410251130/tools/bin/../lib/gcc/arm-none-eabi/12.3.1/../../../../arm-none-eabi/lib/thumb/v7e-m+fp/hard\libc_nano.a(libc_a-memset.o)
                0x08003a96                memset
 *fill*         0x08003aa6        0x2 
 .text.__libc_init_array
                0x08003aa8       0x48 D:/stmMX/STM32CubeIDE_1.17.0/STM32CubeIDE/plugins/com.st.stm32cube.ide.mcu.externaltools.gnu-tools-for-stm32.12.3.rel1.win32_1.1.0.202410251130/tools/bin/../lib/gcc/arm-none-eabi/12.3.1/../../../../arm-none-eabi/lib/thumb/v7e-m+fp/hard\libc_nano.a(libc_a-init.o)
                0x08003aa8                __libc_init_array
 *(.glue_7)
 .glue_7        0x08003af0        0x0 linker stubs
 *(.glue_7t)
 .glue_7t       0x08003af0        0x0 linker stubs
 *(.eh_frame)
 .eh_frame      0x08003af0        0x0 D:/stmMX/STM32CubeIDE_1.17.0/STM32CubeIDE/plugins/com.st.stm32cube.ide.mcu.externaltools.gnu-tools-for-stm32.12.3.rel1.win32_1.1.0.202410251130/tools/bin/../lib/gcc/arm-none-eabi/12.3.1/thumb/v7e-m+fp/hard/crtbegin.o
 *(.init)
 .init          0x08003af0        0x4 D:/stmMX/STM32CubeIDE_1.17.0/STM32CubeIDE/plugins/com.st.stm32cube.ide.mcu.externaltools.gnu-tools-for-stm32.12.3.rel1.win32_1.1.0.202410251130/tools/bin/../lib/gcc/arm-none-eabi/12.3.1/thumb/v7e-m+fp/hard/crti.o
                0x08003af0                _init
 .init          0x08003af4        0x8 D:/stmMX/STM32CubeIDE_1.17.0/STM32CubeIDE/plugins/com.st.stm32cube.ide.mcu.externaltools.gnu-tools-for-stm32.12.3.rel1.win32_1.1.0.202410251130/tools/bin/../lib/gcc/arm-none-eabi/12.3.1/thumb/v7e-m+fp/hard/crtn.o
 *(.fini)
 .fini          0x08003afc        0x4 D:/stmMX/STM32CubeIDE_1.17.0/STM32CubeIDE/plugins/com.st.stm32cube.ide.mcu.externaltools.gnu-tools-for-stm32.12.3.rel1.win32_1.1.0.202410251130/tools/bin/../lib/gcc/arm-none-eabi/12.3.1/thumb/v7e-m+fp/hard/crti.o
                0x08003afc                _fini
 .fini          0x08003b00        0x8 D:/stmMX/STM32CubeIDE_1.17.0/STM32CubeIDE/plugins/com.st.stm32cube.ide.mcu.externaltools.gnu-tools-for-stm32.12.3.rel1.win32_1.1.0.202410251130/tools/bin/../lib/gcc/arm-none-eabi/12.3.1/thumb/v7e-m+fp/hard/crtn.o
                0x08003b08                        . = ALIGN (0x4)
                0x08003b08                        _etext = .

.vfp11_veneer   0x08003b08        0x0
 .vfp11_veneer  0x08003b08        0x0 linker stubs

.v4_bx          0x08003b08        0x0
 .v4_bx         0x08003b08        0x0 linker stubs

.iplt           0x08003b08        0x0
 .iplt          0x08003b08        0x0 D:/stmMX/STM32CubeIDE_1.17.0/STM32CubeIDE/plugins/com.st.stm32cube.ide.mcu.externaltools.gnu-tools-for-stm32.12.3.rel1.win32_1.1.0.202410251130/tools/bin/../lib/gcc/arm-none-eabi/12.3.1/thumb/v7e-m+fp/hard/crtbegin.o

.rodata         0x08003b08       0x34
                0x08003b08                        . = ALIGN (0x4)
 *(.rodata)
 *(.rodata*)
 .rodata.AHBPrescTable
                0x08003b08       0x10 ./Core/Src/system_stm32g4xx.o
                0x08003b08                AHBPrescTable
 .rodata.APBPrescTable
                0x08003b18        0x8 ./Core/Src/system_stm32g4xx.o
                0x08003b18                APBPrescTable
 .rodata.BUTTON_EXTI_LINE.2
                0x08003b20        0x4 ./Drivers/BSP/STM32G4xx_Nucleo/stm32g4xx_nucleo.o
 .rodata.UARTPrescTable
                0x08003b24       0x18 ./Drivers/STM32G4xx_HAL_Driver/Src/stm32g4xx_hal_uart.o
                0x08003b24                UARTPrescTable
                0x08003b3c                        . = ALIGN (0x4)

.ARM.extab      0x08003b3c        0x0
                0x08003b3c                        . = ALIGN (0x4)
 *(.ARM.extab* .gnu.linkonce.armextab.*)
                0x08003b3c                        . = ALIGN (0x4)

.ARM            0x08003b3c        0x8
                0x08003b3c                        . = ALIGN (0x4)
                0x08003b3c                        __exidx_start = .
 *(.ARM.exidx*)
 .ARM.exidx     0x08003b3c        0x8 D:/stmMX/STM32CubeIDE_1.17.0/STM32CubeIDE/plugins/com.st.stm32cube.ide.mcu.externaltools.gnu-tools-for-stm32.12.3.rel1.win32_1.1.0.202410251130/tools/bin/../lib/gcc/arm-none-eabi/12.3.1/thumb/v7e-m+fp/hard\libgcc.a(_udivmoddi4.o)
                0x08003b44                        __exidx_end = .
                0x08003b44                        . = ALIGN (0x4)

.preinit_array  0x08003b44        0x0
                0x08003b44                        . = ALIGN (0x4)
                0x08003b44                        PROVIDE (__preinit_array_start = .)
 *(.preinit_array*)
                0x08003b44                        PROVIDE (__preinit_array_end = .)
                0x08003b44                        . = ALIGN (0x4)

.init_array     0x08003b44        0x4
                0x08003b44                        . = ALIGN (0x4)
                0x08003b44                        PROVIDE (__init_array_start = .)
 *(SORT_BY_NAME(.init_array.*))
 *(.init_array*)
 .init_array    0x08003b44        0x4 D:/stmMX/STM32CubeIDE_1.17.0/STM32CubeIDE/plugins/com.st.stm32cube.ide.mcu.externaltools.gnu-tools-for-stm32.12.3.rel1.win32_1.1.0.202410251130/tools/bin/../lib/gcc/arm-none-eabi/12.3.1/thumb/v7e-m+fp/hard/crtbegin.o
                0x08003b48                        PROVIDE (__init_array_end = .)
                0x08003b48                        . = ALIGN (0x4)

.fini_array     0x08003b48        0x4
                0x08003b48                        . = ALIGN (0x4)
                [!provide]                        PROVIDE (__fini_array_start = .)
 *(SORT_BY_NAME(.fini_array.*))
 *(.fini_array*)
 .fini_array    0x08003b48        0x4 D:/stmMX/STM32CubeIDE_1.17.0/STM32CubeIDE/plugins/com.st.stm32cube.ide.mcu.externaltools.gnu-tools-for-stm32.12.3.rel1.win32_1.1.0.202410251130/tools/bin/../lib/gcc/arm-none-eabi/12.3.1/thumb/v7e-m+fp/hard/crtbegin.o
                [!provide]                        PROVIDE (__fini_array_end = .)
                0x08003b4c                        . = ALIGN (0x4)
                0x08003b4c                        _sidata = LOADADDR (.data)

.rel.dyn        0x08003b4c        0x0
 .rel.iplt      0x08003b4c        0x0 D:/stmMX/STM32CubeIDE_1.17.0/STM32CubeIDE/plugins/com.st.stm32cube.ide.mcu.externaltools.gnu-tools-for-stm32.12.3.rel1.win32_1.1.0.202410251130/tools/bin/../lib/gcc/arm-none-eabi/12.3.1/thumb/v7e-m+fp/hard/crtbegin.o

.data           0x20000000       0x24 load address 0x08003b4c
                0x20000000                        . = ALIGN (0x4)
                0x20000000                        _sdata = .
 *(.data)
 *(.data*)
 .data.i2c_address
                0x20000000        0x1 ./Core/Src/main.o
                0x20000000                i2c_address
 .data.data_to_send
                0x20000001        0x1 ./Core/Src/main.o
                0x20000001                data_to_send
 *fill*         0x20000002        0x2 
 .data.SystemCoreClock
                0x20000004        0x4 ./Core/Src/system_stm32g4xx.o
                0x20000004                SystemCoreClock
 .data.LED_PORT
                0x20000008        0x4 ./Drivers/BSP/STM32G4xx_Nucleo/stm32g4xx_nucleo.o
 .data.BUTTON_PORT
                0x2000000c        0x4 ./Drivers/BSP/STM32G4xx_Nucleo/stm32g4xx_nucleo.o
 .data.COM_USART
                0x20000010        0x4 ./Drivers/BSP/STM32G4xx_Nucleo/stm32g4xx_nucleo.o
 .data.ButtonCallback.1
                0x20000014        0x4 ./Drivers/BSP/STM32G4xx_Nucleo/stm32g4xx_nucleo.o
 .data.BSP_BUTTON_PRIO.0
                0x20000018        0x4 ./Drivers/BSP/STM32G4xx_Nucleo/stm32g4xx_nucleo.o
 .data.uwTickPrio
                0x2000001c        0x4 ./Drivers/STM32G4xx_HAL_Driver/Src/stm32g4xx_hal.o
                0x2000001c                uwTickPrio
 .data.uwTickFreq
                0x20000020        0x4 ./Drivers/STM32G4xx_HAL_Driver/Src/stm32g4xx_hal.o
                0x20000020                uwTickFreq
 *(.RamFunc)
 *(.RamFunc*)
                0x20000024                        . = ALIGN (0x4)
                0x20000024                        _edata = .

.igot.plt       0x20000024        0x0 load address 0x08003b70
 .igot.plt      0x20000024        0x0 D:/stmMX/STM32CubeIDE_1.17.0/STM32CubeIDE/plugins/com.st.stm32cube.ide.mcu.externaltools.gnu-tools-for-stm32.12.3.rel1.win32_1.1.0.202410251130/tools/bin/../lib/gcc/arm-none-eabi/12.3.1/thumb/v7e-m+fp/hard/crtbegin.o
                0x20000024                        . = ALIGN (0x4)

.bss            0x20000024      0x178 load address 0x08003b70
                0x20000024                        _sbss = .
                0x20000024                        __bss_start__ = _sbss
 *(.bss)
 .bss           0x20000024       0x1c D:/stmMX/STM32CubeIDE_1.17.0/STM32CubeIDE/plugins/com.st.stm32cube.ide.mcu.externaltools.gnu-tools-for-stm32.12.3.rel1.win32_1.1.0.202410251130/tools/bin/../lib/gcc/arm-none-eabi/12.3.1/thumb/v7e-m+fp/hard/crtbegin.o
 *(.bss*)
 .bss.received_data
                0x20000040        0x1 ./Core/Src/main.o
                0x20000040                received_data
 *fill*         0x20000041        0x3 
 .bss.BspCOMInit
                0x20000044       0x10 ./Core/Src/main.o
                0x20000044                BspCOMInit
 .bss.hi2c1     0x20000054       0x54 ./Core/Src/main.o
                0x20000054                hi2c1
 .bss.hi2c2     0x200000a8       0x54 ./Core/Src/main.o
                0x200000a8                hi2c2
 .bss.hpb_exti  0x200000fc        0x8 ./Drivers/BSP/STM32G4xx_Nucleo/stm32g4xx_nucleo.o
                0x200000fc                hpb_exti
 .bss.hcom_uart
                0x20000104       0x94 ./Drivers/BSP/STM32G4xx_Nucleo/stm32g4xx_nucleo.o
                0x20000104                hcom_uart
 .bss.uwTick    0x20000198        0x4 ./Drivers/STM32G4xx_HAL_Driver/Src/stm32g4xx_hal.o
                0x20000198                uwTick
 *(COMMON)
                0x2000019c                        . = ALIGN (0x4)
                0x2000019c                        _ebss = .
                0x2000019c                        __bss_end__ = _ebss

._user_heap_stack
                0x2000019c      0x604 load address 0x08003b70
                0x200001a0                        . = ALIGN (0x8)
 *fill*         0x2000019c        0x4 
                [!provide]                        PROVIDE (end = .)
                0x200001a0                        PROVIDE (_end = .)
                0x200003a0                        . = (. + _Min_Heap_Size)
 *fill*         0x200001a0      0x200 
                0x200007a0                        . = (. + _Min_Stack_Size)
 *fill*         0x200003a0      0x400 
                0x200007a0                        . = ALIGN (0x8)

/DISCARD/
 libc.a(*)
 libm.a(*)
 libgcc.a(*)

.ARM.attributes
                0x00000000       0x30
 *(.ARM.attributes)
 .ARM.attributes
                0x00000000       0x22 D:/stmMX/STM32CubeIDE_1.17.0/STM32CubeIDE/plugins/com.st.stm32cube.ide.mcu.externaltools.gnu-tools-for-stm32.12.3.rel1.win32_1.1.0.202410251130/tools/bin/../lib/gcc/arm-none-eabi/12.3.1/thumb/v7e-m+fp/hard/crti.o
 .ARM.attributes
                0x00000022       0x34 D:/stmMX/STM32CubeIDE_1.17.0/STM32CubeIDE/plugins/com.st.stm32cube.ide.mcu.externaltools.gnu-tools-for-stm32.12.3.rel1.win32_1.1.0.202410251130/tools/bin/../lib/gcc/arm-none-eabi/12.3.1/thumb/v7e-m+fp/hard/crtbegin.o
 .ARM.attributes
                0x00000056       0x34 ./Core/Src/main.o
 .ARM.attributes
                0x0000008a       0x34 ./Core/Src/stm32g4xx_hal_msp.o
 .ARM.attributes
                0x000000be       0x34 ./Core/Src/stm32g4xx_it.o
 .ARM.attributes
                0x000000f2       0x34 ./Core/Src/system_stm32g4xx.o
 .ARM.attributes
                0x00000126       0x21 ./Core/Startup/startup_stm32g431rbtx.o
 .ARM.attributes
                0x00000147       0x34 ./Drivers/BSP/STM32G4xx_Nucleo/stm32g4xx_nucleo.o
 .ARM.attributes
                0x0000017b       0x34 ./Drivers/STM32G4xx_HAL_Driver/Src/stm32g4xx_hal.o
 .ARM.attributes
                0x000001af       0x34 ./Drivers/STM32G4xx_HAL_Driver/Src/stm32g4xx_hal_cortex.o
 .ARM.attributes
                0x000001e3       0x34 ./Drivers/STM32G4xx_HAL_Driver/Src/stm32g4xx_hal_exti.o
 .ARM.attributes
                0x00000217       0x34 ./Drivers/STM32G4xx_HAL_Driver/Src/stm32g4xx_hal_gpio.o
 .ARM.attributes
                0x0000024b       0x34 ./Drivers/STM32G4xx_HAL_Driver/Src/stm32g4xx_hal_i2c.o
 .ARM.attributes
                0x0000027f       0x34 ./Drivers/STM32G4xx_HAL_Driver/Src/stm32g4xx_hal_i2c_ex.o
 .ARM.attributes
                0x000002b3       0x34 ./Drivers/STM32G4xx_HAL_Driver/Src/stm32g4xx_hal_pwr_ex.o
 .ARM.attributes
                0x000002e7       0x34 ./Drivers/STM32G4xx_HAL_Driver/Src/stm32g4xx_hal_rcc.o
 .ARM.attributes
                0x0000031b       0x34 ./Drivers/STM32G4xx_HAL_Driver/Src/stm32g4xx_hal_rcc_ex.o
 .ARM.attributes
                0x0000034f       0x34 ./Drivers/STM32G4xx_HAL_Driver/Src/stm32g4xx_hal_uart.o
 .ARM.attributes
                0x00000383       0x34 D:/stmMX/STM32CubeIDE_1.17.0/STM32CubeIDE/plugins/com.st.stm32cube.ide.mcu.externaltools.gnu-tools-for-stm32.12.3.rel1.win32_1.1.0.202410251130/tools/bin/../lib/gcc/arm-none-eabi/12.3.1/../../../../arm-none-eabi/lib/thumb/v7e-m+fp/hard\libc_nano.a(libc_a-memset.o)
 .ARM.attributes
                0x000003b7       0x34 D:/stmMX/STM32CubeIDE_1.17.0/STM32CubeIDE/plugins/com.st.stm32cube.ide.mcu.externaltools.gnu-tools-for-stm32.12.3.rel1.win32_1.1.0.202410251130/tools/bin/../lib/gcc/arm-none-eabi/12.3.1/../../../../arm-none-eabi/lib/thumb/v7e-m+fp/hard\libc_nano.a(libc_a-init.o)
 .ARM.attributes
                0x000003eb       0x22 D:/stmMX/STM32CubeIDE_1.17.0/STM32CubeIDE/plugins/com.st.stm32cube.ide.mcu.externaltools.gnu-tools-for-stm32.12.3.rel1.win32_1.1.0.202410251130/tools/bin/../lib/gcc/arm-none-eabi/12.3.1/thumb/v7e-m+fp/hard\libgcc.a(_aeabi_uldivmod.o)
 .ARM.attributes
                0x0000040d       0x34 D:/stmMX/STM32CubeIDE_1.17.0/STM32CubeIDE/plugins/com.st.stm32cube.ide.mcu.externaltools.gnu-tools-for-stm32.12.3.rel1.win32_1.1.0.202410251130/tools/bin/../lib/gcc/arm-none-eabi/12.3.1/thumb/v7e-m+fp/hard\libgcc.a(_udivmoddi4.o)
 .ARM.attributes
                0x00000441       0x22 D:/stmMX/STM32CubeIDE_1.17.0/STM32CubeIDE/plugins/com.st.stm32cube.ide.mcu.externaltools.gnu-tools-for-stm32.12.3.rel1.win32_1.1.0.202410251130/tools/bin/../lib/gcc/arm-none-eabi/12.3.1/thumb/v7e-m+fp/hard\libgcc.a(_dvmd_tls.o)
 .ARM.attributes
                0x00000463       0x22 D:/stmMX/STM32CubeIDE_1.17.0/STM32CubeIDE/plugins/com.st.stm32cube.ide.mcu.externaltools.gnu-tools-for-stm32.12.3.rel1.win32_1.1.0.202410251130/tools/bin/../lib/gcc/arm-none-eabi/12.3.1/thumb/v7e-m+fp/hard/crtn.o
OUTPUT(master cod.elf elf32-littlearm)
LOAD linker stubs
LOAD D:/stmMX/STM32CubeIDE_1.17.0/STM32CubeIDE/plugins/com.st.stm32cube.ide.mcu.externaltools.gnu-tools-for-stm32.12.3.rel1.win32_1.1.0.202410251130/tools/bin/../lib/gcc/arm-none-eabi/12.3.1/../../../../arm-none-eabi/lib/thumb/v7e-m+fp/hard\libc.a
LOAD D:/stmMX/STM32CubeIDE_1.17.0/STM32CubeIDE/plugins/com.st.stm32cube.ide.mcu.externaltools.gnu-tools-for-stm32.12.3.rel1.win32_1.1.0.202410251130/tools/bin/../lib/gcc/arm-none-eabi/12.3.1/../../../../arm-none-eabi/lib/thumb/v7e-m+fp/hard\libm.a
LOAD D:/stmMX/STM32CubeIDE_1.17.0/STM32CubeIDE/plugins/com.st.stm32cube.ide.mcu.externaltools.gnu-tools-for-stm32.12.3.rel1.win32_1.1.0.202410251130/tools/bin/../lib/gcc/arm-none-eabi/12.3.1/thumb/v7e-m+fp/hard\libgcc.a

.debug_info     0x00000000     0xf4e5
 .debug_info    0x00000000      0xf1d ./Core/Src/main.o
 .debug_info    0x00000f1d      0xcaa ./Core/Src/stm32g4xx_hal_msp.o
 .debug_info    0x00001bc7      0x162 ./Core/Src/stm32g4xx_it.o
 .debug_info    0x00001d29      0x58e ./Core/Src/system_stm32g4xx.o
 .debug_info    0x000022b7       0x30 ./Core/Startup/startup_stm32g431rbtx.o
 .debug_info    0x000022e7     0x1690 ./Drivers/BSP/STM32G4xx_Nucleo/stm32g4xx_nucleo.o
 .debug_info    0x00003977      0xadb ./Drivers/STM32G4xx_HAL_Driver/Src/stm32g4xx_hal.o
 .debug_info    0x00004452      0xd3f ./Drivers/STM32G4xx_HAL_Driver/Src/stm32g4xx_hal_cortex.o
 .debug_info    0x00005191      0x63d ./Drivers/STM32G4xx_HAL_Driver/Src/stm32g4xx_hal_exti.o
 .debug_info    0x000057ce      0x763 ./Drivers/STM32G4xx_HAL_Driver/Src/stm32g4xx_hal_gpio.o
 .debug_info    0x00005f31     0x21ea ./Drivers/STM32G4xx_HAL_Driver/Src/stm32g4xx_hal_i2c.o
 .debug_info    0x0000811b      0xad6 ./Drivers/STM32G4xx_HAL_Driver/Src/stm32g4xx_hal_i2c_ex.o
 .debug_info    0x00008bf1      0x93f ./Drivers/STM32G4xx_HAL_Driver/Src/stm32g4xx_hal_pwr_ex.o
 .debug_info    0x00009530      0xb82 ./Drivers/STM32G4xx_HAL_Driver/Src/stm32g4xx_hal_rcc.o
 .debug_info    0x0000a0b2      0xc15 ./Drivers/STM32G4xx_HAL_Driver/Src/stm32g4xx_hal_rcc_ex.o
 .debug_info    0x0000acc7     0x481e ./Drivers/STM32G4xx_HAL_Driver/Src/stm32g4xx_hal_uart.o

.debug_abbrev   0x00000000     0x20c2
 .debug_abbrev  0x00000000      0x274 ./Core/Src/main.o
 .debug_abbrev  0x00000274      0x1ea ./Core/Src/stm32g4xx_hal_msp.o
 .debug_abbrev  0x0000045e       0xbc ./Core/Src/stm32g4xx_it.o
 .debug_abbrev  0x0000051a      0x11a ./Core/Src/system_stm32g4xx.o
 .debug_abbrev  0x00000634       0x24 ./Core/Startup/startup_stm32g431rbtx.o
 .debug_abbrev  0x00000658      0x2fb ./Drivers/BSP/STM32G4xx_Nucleo/stm32g4xx_nucleo.o
 .debug_abbrev  0x00000953      0x271 ./Drivers/STM32G4xx_HAL_Driver/Src/stm32g4xx_hal.o
 .debug_abbrev  0x00000bc4      0x31c ./Drivers/STM32G4xx_HAL_Driver/Src/stm32g4xx_hal_cortex.o
 .debug_abbrev  0x00000ee0      0x1a8 ./Drivers/STM32G4xx_HAL_Driver/Src/stm32g4xx_hal_exti.o
 .debug_abbrev  0x00001088      0x1cb ./Drivers/STM32G4xx_HAL_Driver/Src/stm32g4xx_hal_gpio.o
 .debug_abbrev  0x00001253      0x25e ./Drivers/STM32G4xx_HAL_Driver/Src/stm32g4xx_hal_i2c.o
 .debug_abbrev  0x000014b1      0x1c0 ./Drivers/STM32G4xx_HAL_Driver/Src/stm32g4xx_hal_i2c_ex.o
 .debug_abbrev  0x00001671      0x22c ./Drivers/STM32G4xx_HAL_Driver/Src/stm32g4xx_hal_pwr_ex.o
 .debug_abbrev  0x0000189d      0x2c9 ./Drivers/STM32G4xx_HAL_Driver/Src/stm32g4xx_hal_rcc.o
 .debug_abbrev  0x00001b66      0x258 ./Drivers/STM32G4xx_HAL_Driver/Src/stm32g4xx_hal_rcc_ex.o
 .debug_abbrev  0x00001dbe      0x304 ./Drivers/STM32G4xx_HAL_Driver/Src/stm32g4xx_hal_uart.o

.debug_aranges  0x00000000      0xcd8
 .debug_aranges
                0x00000000       0x48 ./Core/Src/main.o
 .debug_aranges
                0x00000048       0x30 ./Core/Src/stm32g4xx_hal_msp.o
 .debug_aranges
                0x00000078       0x68 ./Core/Src/stm32g4xx_it.o
 .debug_aranges
                0x000000e0       0x28 ./Core/Src/system_stm32g4xx.o
 .debug_aranges
                0x00000108       0x28 ./Core/Startup/startup_stm32g431rbtx.o
 .debug_aranges
                0x00000130       0xc8 ./Drivers/BSP/STM32G4xx_Nucleo/stm32g4xx_nucleo.o
 .debug_aranges
                0x000001f8      0x148 ./Drivers/STM32G4xx_HAL_Driver/Src/stm32g4xx_hal.o
 .debug_aranges
                0x00000340      0x128 ./Drivers/STM32G4xx_HAL_Driver/Src/stm32g4xx_hal_cortex.o
 .debug_aranges
                0x00000468       0x60 ./Drivers/STM32G4xx_HAL_Driver/Src/stm32g4xx_hal_exti.o
 .debug_aranges
                0x000004c8       0x58 ./Drivers/STM32G4xx_HAL_Driver/Src/stm32g4xx_hal_gpio.o
 .debug_aranges
                0x00000520      0x2a0 ./Drivers/STM32G4xx_HAL_Driver/Src/stm32g4xx_hal_i2c.o
 .debug_aranges
                0x000007c0       0x48 ./Drivers/STM32G4xx_HAL_Driver/Src/stm32g4xx_hal_i2c_ex.o
 .debug_aranges
                0x00000808      0x140 ./Drivers/STM32G4xx_HAL_Driver/Src/stm32g4xx_hal_pwr_ex.o
 .debug_aranges
                0x00000948       0x98 ./Drivers/STM32G4xx_HAL_Driver/Src/stm32g4xx_hal_rcc.o
 .debug_aranges
                0x000009e0       0xb0 ./Drivers/STM32G4xx_HAL_Driver/Src/stm32g4xx_hal_rcc_ex.o
 .debug_aranges
                0x00000a90      0x248 ./Drivers/STM32G4xx_HAL_Driver/Src/stm32g4xx_hal_uart.o

.debug_rnglists
                0x00000000      0x9f7
 .debug_rnglists
                0x00000000       0x35 ./Core/Src/main.o
 .debug_rnglists
                0x00000035       0x20 ./Core/Src/stm32g4xx_hal_msp.o
 .debug_rnglists
                0x00000055       0x49 ./Core/Src/stm32g4xx_it.o
 .debug_rnglists
                0x0000009e       0x1a ./Core/Src/system_stm32g4xx.o
 .debug_rnglists
                0x000000b8       0x19 ./Core/Startup/startup_stm32g431rbtx.o
 .debug_rnglists
                0x000000d1       0x93 ./Drivers/BSP/STM32G4xx_Nucleo/stm32g4xx_nucleo.o
 .debug_rnglists
                0x00000164       0xf1 ./Drivers/STM32G4xx_HAL_Driver/Src/stm32g4xx_hal.o
 .debug_rnglists
                0x00000255       0xda ./Drivers/STM32G4xx_HAL_Driver/Src/stm32g4xx_hal_cortex.o
 .debug_rnglists
                0x0000032f       0x46 ./Drivers/STM32G4xx_HAL_Driver/Src/stm32g4xx_hal_exti.o
 .debug_rnglists
                0x00000375       0x3f ./Drivers/STM32G4xx_HAL_Driver/Src/stm32g4xx_hal_gpio.o
 .debug_rnglists
                0x000003b4      0x228 ./Drivers/STM32G4xx_HAL_Driver/Src/stm32g4xx_hal_i2c.o
 .debug_rnglists
                0x000005dc       0x35 ./Drivers/STM32G4xx_HAL_Driver/Src/stm32g4xx_hal_i2c_ex.o
 .debug_rnglists
                0x00000611       0xf1 ./Drivers/STM32G4xx_HAL_Driver/Src/stm32g4xx_hal_pwr_ex.o
 .debug_rnglists
                0x00000702       0x74 ./Drivers/STM32G4xx_HAL_Driver/Src/stm32g4xx_hal_rcc.o
 .debug_rnglists
                0x00000776       0x87 ./Drivers/STM32G4xx_HAL_Driver/Src/stm32g4xx_hal_rcc_ex.o
 .debug_rnglists
                0x000007fd      0x1fa ./Drivers/STM32G4xx_HAL_Driver/Src/stm32g4xx_hal_uart.o

.debug_macro    0x00000000    0x1d95f
 .debug_macro   0x00000000      0x2db ./Core/Src/main.o
 .debug_macro   0x000002db      0xaba ./Core/Src/main.o
 .debug_macro   0x00000d95      0x15b ./Core/Src/main.o
 .debug_macro   0x00000ef0       0x2e ./Core/Src/main.o
 .debug_macro   0x00000f1e       0x28 ./Core/Src/main.o
 .debug_macro   0x00000f46       0x22 ./Core/Src/main.o
 .debug_macro   0x00000f68       0x8e ./Core/Src/main.o
 .debug_macro   0x00000ff6       0x51 ./Core/Src/main.o
 .debug_macro   0x00001047      0x103 ./Core/Src/main.o
 .debug_macro   0x0000114a       0x6a ./Core/Src/main.o
 .debug_macro   0x000011b4      0x1df ./Core/Src/main.o
 .debug_macro   0x00001393       0x1c ./Core/Src/main.o
 .debug_macro   0x000013af       0x22 ./Core/Src/main.o
 .debug_macro   0x000013d1       0xfb ./Core/Src/main.o
 .debug_macro   0x000014cc     0x1011 ./Core/Src/main.o
 .debug_macro   0x000024dd      0x11f ./Core/Src/main.o
 .debug_macro   0x000025fc    0x1138f ./Core/Src/main.o
 .debug_macro   0x0001398b       0x6d ./Core/Src/main.o
 .debug_macro   0x000139f8     0x3558 ./Core/Src/main.o
 .debug_macro   0x00016f50      0x189 ./Core/Src/main.o
 .debug_macro   0x000170d9       0x5c ./Core/Src/main.o
 .debug_macro   0x00017135     0x141d ./Core/Src/main.o
 .debug_macro   0x00018552      0x535 ./Core/Src/main.o
 .debug_macro   0x00018a87      0x1b6 ./Core/Src/main.o
 .debug_macro   0x00018c3d      0x288 ./Core/Src/main.o
 .debug_macro   0x00018ec5      0x41d ./Core/Src/main.o
 .debug_macro   0x000192e2      0x18b ./Core/Src/main.o
 .debug_macro   0x0001946d       0x43 ./Core/Src/main.o
 .debug_macro   0x000194b0      0x23d ./Core/Src/main.o
 .debug_macro   0x000196ed      0x211 ./Core/Src/main.o
 .debug_macro   0x000198fe      0x401 ./Core/Src/main.o
 .debug_macro   0x00019cff      0x107 ./Core/Src/main.o
 .debug_macro   0x00019e06      0x22c ./Core/Src/main.o
 .debug_macro   0x0001a032       0x61 ./Core/Src/main.o
 .debug_macro   0x0001a093       0xa5 ./Core/Src/main.o
 .debug_macro   0x0001a138      0x122 ./Core/Src/main.o
 .debug_macro   0x0001a25a      0x3d1 ./Core/Src/main.o
 .debug_macro   0x0001a62b      0x693 ./Core/Src/main.o
 .debug_macro   0x0001acbe       0xa6 ./Core/Src/main.o
 .debug_macro   0x0001ad64      0x306 ./Core/Src/main.o
 .debug_macro   0x0001b06a       0x52 ./Core/Src/main.o
 .debug_macro   0x0001b0bc       0x22 ./Core/Src/main.o
 .debug_macro   0x0001b0de      0x100 ./Core/Src/main.o
 .debug_macro   0x0001b1de       0x61 ./Core/Src/main.o
 .debug_macro   0x0001b23f       0x2a ./Core/Src/main.o
 .debug_macro   0x0001b269       0x43 ./Core/Src/main.o
 .debug_macro   0x0001b2ac       0x34 ./Core/Src/main.o
 .debug_macro   0x0001b2e0       0x16 ./Core/Src/main.o
 .debug_macro   0x0001b2f6       0x35 ./Core/Src/main.o
 .debug_macro   0x0001b32b      0x369 ./Core/Src/main.o
 .debug_macro   0x0001b694       0x10 ./Core/Src/main.o
 .debug_macro   0x0001b6a4       0x16 ./Core/Src/main.o
 .debug_macro   0x0001b6ba       0x43 ./Core/Src/main.o
 .debug_macro   0x0001b6fd       0x34 ./Core/Src/main.o
 .debug_macro   0x0001b731       0x10 ./Core/Src/main.o
 .debug_macro   0x0001b741       0x58 ./Core/Src/main.o
 .debug_macro   0x0001b799       0x8e ./Core/Src/main.o
 .debug_macro   0x0001b827       0x1c ./Core/Src/main.o
 .debug_macro   0x0001b843      0x177 ./Core/Src/main.o
 .debug_macro   0x0001b9ba       0x16 ./Core/Src/main.o
 .debug_macro   0x0001b9d0       0x16 ./Core/Src/main.o
 .debug_macro   0x0001b9e6      0x146 ./Core/Src/main.o
 .debug_macro   0x0001bb2c       0x58 ./Core/Src/main.o
 .debug_macro   0x0001bb84      0x2db ./Core/Src/stm32g4xx_hal_msp.o
 .debug_macro   0x0001be5f      0x2e5 ./Core/Src/stm32g4xx_it.o
 .debug_macro   0x0001c144      0x1d3 ./Core/Src/system_stm32g4xx.o
 .debug_macro   0x0001c317      0x200 ./Drivers/BSP/STM32G4xx_Nucleo/stm32g4xx_nucleo.o
 .debug_macro   0x0001c517       0x1c ./Drivers/BSP/STM32G4xx_Nucleo/stm32g4xx_nucleo.o
 .debug_macro   0x0001c533      0x221 ./Drivers/STM32G4xx_HAL_Driver/Src/stm32g4xx_hal.o
 .debug_macro   0x0001c754      0x1d3 ./Drivers/STM32G4xx_HAL_Driver/Src/stm32g4xx_hal_cortex.o
 .debug_macro   0x0001c927      0x1df ./Drivers/STM32G4xx_HAL_Driver/Src/stm32g4xx_hal_exti.o
 .debug_macro   0x0001cb06      0x1da ./Drivers/STM32G4xx_HAL_Driver/Src/stm32g4xx_hal_gpio.o
 .debug_macro   0x0001cce0      0x29f ./Drivers/STM32G4xx_HAL_Driver/Src/stm32g4xx_hal_i2c.o
 .debug_macro   0x0001cf7f      0x1d3 ./Drivers/STM32G4xx_HAL_Driver/Src/stm32g4xx_hal_i2c_ex.o
 .debug_macro   0x0001d152      0x1fd ./Drivers/STM32G4xx_HAL_Driver/Src/stm32g4xx_hal_pwr_ex.o
 .debug_macro   0x0001d34f      0x215 ./Drivers/STM32G4xx_HAL_Driver/Src/stm32g4xx_hal_rcc.o
 .debug_macro   0x0001d564      0x1fd ./Drivers/STM32G4xx_HAL_Driver/Src/stm32g4xx_hal_rcc_ex.o
 .debug_macro   0x0001d761      0x1fe ./Drivers/STM32G4xx_HAL_Driver/Src/stm32g4xx_hal_uart.o

.debug_line     0x00000000    0x10e91
 .debug_line    0x00000000      0xa85 ./Core/Src/main.o
 .debug_line    0x00000a85      0x9e4 ./Core/Src/stm32g4xx_hal_msp.o
 .debug_line    0x00001469      0xa09 ./Core/Src/stm32g4xx_it.o
 .debug_line    0x00001e72      0x7da ./Core/Src/system_stm32g4xx.o
 .debug_line    0x0000264c       0x7b ./Core/Startup/startup_stm32g431rbtx.o
 .debug_line    0x000026c7      0xaf1 ./Drivers/BSP/STM32G4xx_Nucleo/stm32g4xx_nucleo.o
 .debug_line    0x000031b8      0xb96 ./Drivers/STM32G4xx_HAL_Driver/Src/stm32g4xx_hal.o
 .debug_line    0x00003d4e      0xd29 ./Drivers/STM32G4xx_HAL_Driver/Src/stm32g4xx_hal_cortex.o
 .debug_line    0x00004a77      0xae6 ./Drivers/STM32G4xx_HAL_Driver/Src/stm32g4xx_hal_exti.o
 .debug_line    0x0000555d      0xbaf ./Drivers/STM32G4xx_HAL_Driver/Src/stm32g4xx_hal_gpio.o
 .debug_line    0x0000610c     0x3a5c ./Drivers/STM32G4xx_HAL_Driver/Src/stm32g4xx_hal_i2c.o
 .debug_line    0x00009b68      0x98b ./Drivers/STM32G4xx_HAL_Driver/Src/stm32g4xx_hal_i2c_ex.o
 .debug_line    0x0000a4f3      0xd05 ./Drivers/STM32G4xx_HAL_Driver/Src/stm32g4xx_hal_pwr_ex.o
 .debug_line    0x0000b1f8      0xf61 ./Drivers/STM32G4xx_HAL_Driver/Src/stm32g4xx_hal_rcc.o
 .debug_line    0x0000c159     0x1129 ./Drivers/STM32G4xx_HAL_Driver/Src/stm32g4xx_hal_rcc_ex.o
 .debug_line    0x0000d282     0x3c0f ./Drivers/STM32G4xx_HAL_Driver/Src/stm32g4xx_hal_uart.o

.debug_str      0x00000000    0xb9db6
 .debug_str     0x00000000    0xb5dca ./Core/Src/main.o
                              0xb615c (size before relaxing)
 .debug_str     0x000b5dca      0x28a ./Core/Src/stm32g4xx_hal_msp.o
                              0xb5f2f (size before relaxing)
 .debug_str     0x000b6054       0xf0 ./Core/Src/stm32g4xx_it.o
                              0xb567e (size before relaxing)
 .debug_str     0x000b6144       0xdb ./Core/Src/system_stm32g4xx.o
                              0xb1788 (size before relaxing)
 .debug_str     0x000b621f       0x44 ./Core/Startup/startup_stm32g431rbtx.o
                                 0x86 (size before relaxing)
 .debug_str     0x000b6263      0x9dd ./Drivers/BSP/STM32G4xx_Nucleo/stm32g4xx_nucleo.o
                              0xb2e97 (size before relaxing)
 .debug_str     0x000b6c40      0x5e3 ./Drivers/STM32G4xx_HAL_Driver/Src/stm32g4xx_hal.o
                              0xb22c7 (size before relaxing)
 .debug_str     0x000b7223      0x34b ./Drivers/STM32G4xx_HAL_Driver/Src/stm32g4xx_hal_cortex.o
                              0xb1f83 (size before relaxing)
 .debug_str     0x000b756e      0x1b8 ./Drivers/STM32G4xx_HAL_Driver/Src/stm32g4xx_hal_exti.o
                              0xb1822 (size before relaxing)
 .debug_str     0x000b7726       0xb8 ./Drivers/STM32G4xx_HAL_Driver/Src/stm32g4xx_hal_gpio.o
                              0xb1913 (size before relaxing)
 .debug_str     0x000b77de      0xdd0 ./Drivers/STM32G4xx_HAL_Driver/Src/stm32g4xx_hal_i2c.o
                              0xb2a92 (size before relaxing)
 .debug_str     0x000b85ae       0xb8 ./Drivers/STM32G4xx_HAL_Driver/Src/stm32g4xx_hal_i2c_ex.o
                              0xb1da7 (size before relaxing)
 .debug_str     0x000b8666      0x4a0 ./Drivers/STM32G4xx_HAL_Driver/Src/stm32g4xx_hal_pwr_ex.o
                              0xb1c76 (size before relaxing)
 .debug_str     0x000b8b06      0x4d5 ./Drivers/STM32G4xx_HAL_Driver/Src/stm32g4xx_hal_rcc.o
                              0xb1e81 (size before relaxing)
 .debug_str     0x000b8fdb      0x402 ./Drivers/STM32G4xx_HAL_Driver/Src/stm32g4xx_hal_rcc_ex.o
                              0xb1e82 (size before relaxing)
 .debug_str     0x000b93dd      0x9d9 ./Drivers/STM32G4xx_HAL_Driver/Src/stm32g4xx_hal_uart.o
                              0xb2743 (size before relaxing)

.comment        0x00000000       0x43
 .comment       0x00000000       0x43 ./Core/Src/main.o
                                 0x44 (size before relaxing)
 .comment       0x00000043       0x44 ./Core/Src/stm32g4xx_hal_msp.o
 .comment       0x00000043       0x44 ./Core/Src/stm32g4xx_it.o
 .comment       0x00000043       0x44 ./Core/Src/system_stm32g4xx.o
 .comment       0x00000043       0x44 ./Drivers/BSP/STM32G4xx_Nucleo/stm32g4xx_nucleo.o
 .comment       0x00000043       0x44 ./Drivers/STM32G4xx_HAL_Driver/Src/stm32g4xx_hal.o
 .comment       0x00000043       0x44 ./Drivers/STM32G4xx_HAL_Driver/Src/stm32g4xx_hal_cortex.o
 .comment       0x00000043       0x44 ./Drivers/STM32G4xx_HAL_Driver/Src/stm32g4xx_hal_exti.o
 .comment       0x00000043       0x44 ./Drivers/STM32G4xx_HAL_Driver/Src/stm32g4xx_hal_gpio.o
 .comment       0x00000043       0x44 ./Drivers/STM32G4xx_HAL_Driver/Src/stm32g4xx_hal_i2c.o
 .comment       0x00000043       0x44 ./Drivers/STM32G4xx_HAL_Driver/Src/stm32g4xx_hal_i2c_ex.o
 .comment       0x00000043       0x44 ./Drivers/STM32G4xx_HAL_Driver/Src/stm32g4xx_hal_pwr_ex.o
 .comment       0x00000043       0x44 ./Drivers/STM32G4xx_HAL_Driver/Src/stm32g4xx_hal_rcc.o
 .comment       0x00000043       0x44 ./Drivers/STM32G4xx_HAL_Driver/Src/stm32g4xx_hal_rcc_ex.o
 .comment       0x00000043       0x44 ./Drivers/STM32G4xx_HAL_Driver/Src/stm32g4xx_hal_uart.o

.debug_frame    0x00000000     0x34e4
 .debug_frame   0x00000000       0xcc ./Core/Src/main.o
 .debug_frame   0x000000cc       0x80 ./Core/Src/stm32g4xx_hal_msp.o
 .debug_frame   0x0000014c      0x120 ./Core/Src/stm32g4xx_it.o
 .debug_frame   0x0000026c       0x58 ./Core/Src/system_stm32g4xx.o
 .debug_frame   0x000002c4      0x31c ./Drivers/BSP/STM32G4xx_Nucleo/stm32g4xx_nucleo.o
 .debug_frame   0x000005e0      0x500 ./Drivers/STM32G4xx_HAL_Driver/Src/stm32g4xx_hal.o
 .debug_frame   0x00000ae0      0x4e8 ./Drivers/STM32G4xx_HAL_Driver/Src/stm32g4xx_hal_cortex.o
 .debug_frame   0x00000fc8      0x174 ./Drivers/STM32G4xx_HAL_Driver/Src/stm32g4xx_hal_exti.o
 .debug_frame   0x0000113c      0x14c ./Drivers/STM32G4xx_HAL_Driver/Src/stm32g4xx_hal_gpio.o
 .debug_frame   0x00001288      0xc38 ./Drivers/STM32G4xx_HAL_Driver/Src/stm32g4xx_hal_i2c.o
 .debug_frame   0x00001ec0      0x100 ./Drivers/STM32G4xx_HAL_Driver/Src/stm32g4xx_hal_i2c_ex.o
 .debug_frame   0x00001fc0      0x4fc ./Drivers/STM32G4xx_HAL_Driver/Src/stm32g4xx_hal_pwr_ex.o
 .debug_frame   0x000024bc      0x23c ./Drivers/STM32G4xx_HAL_Driver/Src/stm32g4xx_hal_rcc.o
 .debug_frame   0x000026f8      0x2ac ./Drivers/STM32G4xx_HAL_Driver/Src/stm32g4xx_hal_rcc_ex.o
 .debug_frame   0x000029a4      0xa94 ./Drivers/STM32G4xx_HAL_Driver/Src/stm32g4xx_hal_uart.o
 .debug_frame   0x00003438       0x20 D:/stmMX/STM32CubeIDE_1.17.0/STM32CubeIDE/plugins/com.st.stm32cube.ide.mcu.externaltools.gnu-tools-for-stm32.12.3.rel1.win32_1.1.0.202410251130/tools/bin/../lib/gcc/arm-none-eabi/12.3.1/../../../../arm-none-eabi/lib/thumb/v7e-m+fp/hard\libc_nano.a(libc_a-memset.o)
 .debug_frame   0x00003458       0x2c D:/stmMX/STM32CubeIDE_1.17.0/STM32CubeIDE/plugins/com.st.stm32cube.ide.mcu.externaltools.gnu-tools-for-stm32.12.3.rel1.win32_1.1.0.202410251130/tools/bin/../lib/gcc/arm-none-eabi/12.3.1/../../../../arm-none-eabi/lib/thumb/v7e-m+fp/hard\libc_nano.a(libc_a-init.o)
 .debug_frame   0x00003484       0x2c D:/stmMX/STM32CubeIDE_1.17.0/STM32CubeIDE/plugins/com.st.stm32cube.ide.mcu.externaltools.gnu-tools-for-stm32.12.3.rel1.win32_1.1.0.202410251130/tools/bin/../lib/gcc/arm-none-eabi/12.3.1/thumb/v7e-m+fp/hard\libgcc.a(_aeabi_uldivmod.o)
 .debug_frame   0x000034b0       0x34 D:/stmMX/STM32CubeIDE_1.17.0/STM32CubeIDE/plugins/com.st.stm32cube.ide.mcu.externaltools.gnu-tools-for-stm32.12.3.rel1.win32_1.1.0.202410251130/tools/bin/../lib/gcc/arm-none-eabi/12.3.1/thumb/v7e-m+fp/hard\libgcc.a(_udivmoddi4.o)

.debug_line_str
                0x00000000       0x6a
 .debug_line_str
                0x00000000       0x6a ./Core/Startup/startup_stm32g431rbtx.o
