Archive member included to satisfy reference by file (symbol)

D:/stmMX/STM32CubeIDE_1.17.0/STM32CubeIDE/plugins/com.st.stm32cube.ide.mcu.externaltools.gnu-tools-for-stm32.12.3.rel1.win32_1.1.0.202410251130/tools/bin/../lib/gcc/arm-none-eabi/12.3.1/../../../../arm-none-eabi/lib/thumb/v7e-m+fp/hard\libc_nano.a(libc_a-exit.o)
                              D:/stmMX/STM32CubeIDE_1.17.0/STM32CubeIDE/plugins/com.st.stm32cube.ide.mcu.externaltools.gnu-tools-for-stm32.12.3.rel1.win32_1.1.0.202410251130/tools/bin/../lib/gcc/arm-none-eabi/12.3.1/../../../../arm-none-eabi/lib/thumb/v7e-m+fp/hard/crt0.o (exit)
D:/stmMX/STM32CubeIDE_1.17.0/STM32CubeIDE/plugins/com.st.stm32cube.ide.mcu.externaltools.gnu-tools-for-stm32.12.3.rel1.win32_1.1.0.202410251130/tools/bin/../lib/gcc/arm-none-eabi/12.3.1/../../../../arm-none-eabi/lib/thumb/v7e-m+fp/hard\libc_nano.a(libc_a-findfp.o)
                              D:/stmMX/STM32CubeIDE_1.17.0/STM32CubeIDE/plugins/com.st.stm32cube.ide.mcu.externaltools.gnu-tools-for-stm32.12.3.rel1.win32_1.1.0.202410251130/tools/bin/../lib/gcc/arm-none-eabi/12.3.1/../../../../arm-none-eabi/lib/thumb/v7e-m+fp/hard\libc_nano.a(libc_a-exit.o) (__stdio_exit_handler)
D:/stmMX/STM32CubeIDE_1.17.0/STM32CubeIDE/plugins/com.st.stm32cube.ide.mcu.externaltools.gnu-tools-for-stm32.12.3.rel1.win32_1.1.0.202410251130/tools/bin/../lib/gcc/arm-none-eabi/12.3.1/../../../../arm-none-eabi/lib/thumb/v7e-m+fp/hard\libc_nano.a(libc_a-fwalk.o)
                              D:/stmMX/STM32CubeIDE_1.17.0/STM32CubeIDE/plugins/com.st.stm32cube.ide.mcu.externaltools.gnu-tools-for-stm32.12.3.rel1.win32_1.1.0.202410251130/tools/bin/../lib/gcc/arm-none-eabi/12.3.1/../../../../arm-none-eabi/lib/thumb/v7e-m+fp/hard\libc_nano.a(libc_a-findfp.o) (_fwalk_sglue)
D:/stmMX/STM32CubeIDE_1.17.0/STM32CubeIDE/plugins/com.st.stm32cube.ide.mcu.externaltools.gnu-tools-for-stm32.12.3.rel1.win32_1.1.0.202410251130/tools/bin/../lib/gcc/arm-none-eabi/12.3.1/../../../../arm-none-eabi/lib/thumb/v7e-m+fp/hard\libc_nano.a(libc_a-stdio.o)
                              D:/stmMX/STM32CubeIDE_1.17.0/STM32CubeIDE/plugins/com.st.stm32cube.ide.mcu.externaltools.gnu-tools-for-stm32.12.3.rel1.win32_1.1.0.202410251130/tools/bin/../lib/gcc/arm-none-eabi/12.3.1/../../../../arm-none-eabi/lib/thumb/v7e-m+fp/hard\libc_nano.a(libc_a-findfp.o) (__sread)
D:/stmMX/STM32CubeIDE_1.17.0/STM32CubeIDE/plugins/com.st.stm32cube.ide.mcu.externaltools.gnu-tools-for-stm32.12.3.rel1.win32_1.1.0.202410251130/tools/bin/../lib/gcc/arm-none-eabi/12.3.1/../../../../arm-none-eabi/lib/thumb/v7e-m+fp/hard\libc_nano.a(libc_a-memset.o)
                              D:/stmMX/STM32CubeIDE_1.17.0/STM32CubeIDE/plugins/com.st.stm32cube.ide.mcu.externaltools.gnu-tools-for-stm32.12.3.rel1.win32_1.1.0.202410251130/tools/bin/../lib/gcc/arm-none-eabi/12.3.1/../../../../arm-none-eabi/lib/thumb/v7e-m+fp/hard/crt0.o (memset)
D:/stmMX/STM32CubeIDE_1.17.0/STM32CubeIDE/plugins/com.st.stm32cube.ide.mcu.externaltools.gnu-tools-for-stm32.12.3.rel1.win32_1.1.0.202410251130/tools/bin/../lib/gcc/arm-none-eabi/12.3.1/../../../../arm-none-eabi/lib/thumb/v7e-m+fp/hard\libc_nano.a(libc_a-closer.o)
                              D:/stmMX/STM32CubeIDE_1.17.0/STM32CubeIDE/plugins/com.st.stm32cube.ide.mcu.externaltools.gnu-tools-for-stm32.12.3.rel1.win32_1.1.0.202410251130/tools/bin/../lib/gcc/arm-none-eabi/12.3.1/../../../../arm-none-eabi/lib/thumb/v7e-m+fp/hard\libc_nano.a(libc_a-stdio.o) (_close_r)
D:/stmMX/STM32CubeIDE_1.17.0/STM32CubeIDE/plugins/com.st.stm32cube.ide.mcu.externaltools.gnu-tools-for-stm32.12.3.rel1.win32_1.1.0.202410251130/tools/bin/../lib/gcc/arm-none-eabi/12.3.1/../../../../arm-none-eabi/lib/thumb/v7e-m+fp/hard\libc_nano.a(libc_a-reent.o)
                              D:/stmMX/STM32CubeIDE_1.17.0/STM32CubeIDE/plugins/com.st.stm32cube.ide.mcu.externaltools.gnu-tools-for-stm32.12.3.rel1.win32_1.1.0.202410251130/tools/bin/../lib/gcc/arm-none-eabi/12.3.1/../../../../arm-none-eabi/lib/thumb/v7e-m+fp/hard\libc_nano.a(libc_a-closer.o) (errno)
D:/stmMX/STM32CubeIDE_1.17.0/STM32CubeIDE/plugins/com.st.stm32cube.ide.mcu.externaltools.gnu-tools-for-stm32.12.3.rel1.win32_1.1.0.202410251130/tools/bin/../lib/gcc/arm-none-eabi/12.3.1/../../../../arm-none-eabi/lib/thumb/v7e-m+fp/hard\libc_nano.a(libc_a-impure.o)
                              D:/stmMX/STM32CubeIDE_1.17.0/STM32CubeIDE/plugins/com.st.stm32cube.ide.mcu.externaltools.gnu-tools-for-stm32.12.3.rel1.win32_1.1.0.202410251130/tools/bin/../lib/gcc/arm-none-eabi/12.3.1/../../../../arm-none-eabi/lib/thumb/v7e-m+fp/hard\libc_nano.a(libc_a-reent.o) (_impure_ptr)
D:/stmMX/STM32CubeIDE_1.17.0/STM32CubeIDE/plugins/com.st.stm32cube.ide.mcu.externaltools.gnu-tools-for-stm32.12.3.rel1.win32_1.1.0.202410251130/tools/bin/../lib/gcc/arm-none-eabi/12.3.1/../../../../arm-none-eabi/lib/thumb/v7e-m+fp/hard\libc_nano.a(libc_a-lseekr.o)
[...]
Memory Configuration

Name             Origin             Length             Attributes
FLASH            0x08000000         0x00080000         xr
RAM              0x20000008         0x0002fff8         xrw
RAM_SHARED       0x20030000         0x00002800         xrw
*default*        0x00000000         0xffffffff

Linker script and memory map

LOAD D:/stmMX/STM32CubeIDE_1.17.0/STM32CubeIDE/plugins/com.st.stm32cube.ide.mcu.externaltools.gnu-tools-for-stm32.12.3.rel1.win32_1.1.0.202410251130/tools/bin/../lib/gcc/arm-none-eabi/12.3.1/thumb/v7e-m+fp/hard/crti.o
LOAD D:/stmMX/STM32CubeIDE_1.17.0/STM32CubeIDE/plugins/com.st.stm32cube.ide.mcu.externaltools.gnu-tools-for-stm32.12.3.rel1.win32_1.1.0.202410251130/tools/bin/../lib/gcc/arm-none-eabi/12.3.1/thumb/v7e-m+fp/hard/crtbegin.o
LOAD D:/stmMX/STM32CubeIDE_1.17.0/STM32CubeIDE/plugins/com.st.stm32cube.ide.mcu.externaltools.gnu-tools-for-stm32.12.3.rel1.win32_1.1.0.202410251130/tools/bin/../lib/gcc/arm-none-eabi/12.3.1/../../../../arm-none-eabi/lib/thumb/v7e-m+fp/hard/crt0.o
LOAD ./Core/Src/main.o
LOAD ./Core/Src/stm32wbxx_hal_msp.o
LOAD ./Core/Src/stm32wbxx_it.o
LOAD ./Core/Src/syscalls.o
LOAD ./Core/Src/sysmem.o
LOAD ./Core/Src/system_stm32wbxx.o
LOAD ./Core/Startup/startup_stm32wb55rgvx.o
LOAD ./Drivers/BSP/P-NUCLEO-WB55.Nucleo/stm32wbxx_nucleo.o
LOAD ./Drivers/STM32WBxx_HAL_Driver/Src/stm32wbxx_hal.o
LOAD ./Drivers/STM32WBxx_HAL_Driver/Src/stm32wbxx_hal_cortex.o
LOAD ./Drivers/STM32WBxx_HAL_Driver/Src/stm32wbxx_hal_dma.o
LOAD ./Drivers/STM32WBxx_HAL_Driver/Src/stm32wbxx_hal_dma_ex.o
LOAD ./Drivers/STM32WBxx_HAL_Driver/Src/stm32wbxx_hal_exti.o
LOAD ./Drivers/STM32WBxx_HAL_Driver/Src/stm32wbxx_hal_flash.o
LOAD ./Drivers/STM32WBxx_HAL_Driver/Src/stm32wbxx_hal_flash_ex.o
LOAD ./Drivers/STM32WBxx_HAL_Driver/Src/stm32wbxx_hal_gpio.o
LOAD ./Drivers/STM32WBxx_HAL_Driver/Src/stm32wbxx_hal_hsem.o
LOAD ./Drivers/STM32WBxx_HAL_Driver/Src/stm32wbxx_hal_i2c.o
LOAD ./Drivers/STM32WBxx_HAL_Driver/Src/stm32wbxx_hal_i2c_ex.o
LOAD ./Drivers/STM32WBxx_HAL_Driver/Src/stm32wbxx_hal_pwr.o
LOAD ./Drivers/STM32WBxx_HAL_Driver/Src/stm32wbxx_hal_pwr_ex.o
LOAD ./Drivers/STM32WBxx_HAL_Driver/Src/stm32wbxx_hal_rcc.o
LOAD ./Drivers/STM32WBxx_HAL_Driver/Src/stm32wbxx_hal_rcc_ex.o
LOAD ./Drivers/STM32WBxx_HAL_Driver/Src/stm32wbxx_hal_uart.o
LOAD ./Drivers/STM32WBxx_HAL_Driver/Src/stm32wbxx_hal_uart_ex.o
LOAD ./Drivers/STM32WBxx_HAL_Driver/Src/stm32wbxx_hal_usart.o
LOAD ./Drivers/STM32WBxx_HAL_Driver/Src/stm32wbxx_hal_usart_ex.o
LOAD ./Drivers/STM32WBxx_HAL_Driver/Src/stm32wbxx_ll_rcc.o
START GROUP
LOAD D:/stmMX/STM32CubeIDE_1.17.0/STM32CubeIDE/plugins/com.st.stm32cube.ide.mcu.externaltools.gnu-tools-for-stm32.12.3.rel1.win32_1.1.0.202410251130/tools/bin/../lib/gcc/arm-none-eabi/12.3.1/../../../../arm-none-eabi/lib/thumb/v7e-m+fp/hard\libc_nano.a
LOAD D:/stmMX/STM32CubeIDE_1.17.0/STM32CubeIDE/plugins/com.st.stm32cube.ide.mcu.externaltools.gnu-tools-for-stm32.12.3.rel1.win32_1.1.0.202410251130/tools/bin/../lib/gcc/arm-none-eabi/12.3.1/../../../../arm-none-eabi/lib/thumb/v7e-m+fp/hard\libm.a
END GROUP
START GROUP
LOAD D:/stmMX/STM32CubeIDE_1.17.0/STM32CubeIDE/plugins/com.st.stm32cube.ide.mcu.externaltools.gnu-tools-for-stm32.12.3.rel1.win32_1.1.0.202410251130/tools/bin/../lib/gcc/arm-none-eabi/12.3.1/thumb/v7e-m+fp/hard\libgcc.a
LOAD D:/stmMX/STM32CubeIDE_1.17.0/STM32CubeIDE/plugins/com.st.stm32cube.ide.mcu.externaltools.gnu-tools-for-stm32.12.3.rel1.win32_1.1.0.202410251130/tools/bin/../lib/gcc/arm-none-eabi/12.3.1/../../../../arm-none-eabi/lib/thumb/v7e-m+fp/hard\libc_nano.a
END GROUP
START GROUP
LOAD D:/stmMX/STM32CubeIDE_1.17.0/STM32CubeIDE/plugins/com.st.stm32cube.ide.mcu.externaltools.gnu-tools-for-stm32.12.3.rel1.win32_1.1.0.202410251130/tools/bin/../lib/gcc/arm-none-eabi/12.3.1/thumb/v7e-m+fp/hard\libgcc.a
LOAD D:/stmMX/STM32CubeIDE_1.17.0/STM32CubeIDE/plugins/com.st.stm32cube.ide.mcu.externaltools.gnu-tools-for-stm32.12.3.rel1.win32_1.1.0.202410251130/tools/bin/../lib/gcc/arm-none-eabi/12.3.1/../../../../arm-none-eabi/lib/thumb/v7e-m+fp/hard\libc_nano.a
LOAD D:/stmMX/STM32CubeIDE_1.17.0/STM32CubeIDE/plugins/com.st.stm32cube.ide.mcu.externaltools.gnu-tools-for-stm32.12.3.rel1.win32_1.1.0.202410251130/tools/bin/../lib/gcc/arm-none-eabi/12.3.1/../../../../arm-none-eabi/lib/thumb/v7e-m+fp/hard\libnosys.a
END GROUP
START GROUP
LOAD D:/stmMX/STM32CubeIDE_1.17.0/STM32CubeIDE/plugins/com.st.stm32cube.ide.mcu.externaltools.gnu-tools-for-stm32.12.3.rel1.win32_1.1.0.202410251130/tools/bin/../lib/gcc/arm-none-eabi/12.3.1/thumb/v7e-m+fp/hard\libgcc.a
LOAD D:/stmMX/STM32CubeIDE_1.17.0/STM32CubeIDE/plugins/com.st.stm32cube.ide.mcu.externaltools.gnu-tools-for-stm32.12.3.rel1.win32_1.1.0.202410251130/tools/bin/../lib/gcc/arm-none-eabi/12.3.1/../../../../arm-none-eabi/lib/thumb/v7e-m+fp/hard\libc_nano.a
LOAD D:/stmMX/STM32CubeIDE_1.17.0/STM32CubeIDE/plugins/com.st.stm32cube.ide.mcu.externaltools.gnu-tools-for-stm32.12.3.rel1.win32_1.1.0.202410251130/tools/bin/../lib/gcc/arm-none-eabi/12.3.1/../../../../arm-none-eabi/lib/thumb/v7e-m+fp/hard\libnosys.a
END GROUP
LOAD D:/stmMX/STM32CubeIDE_1.17.0/STM32CubeIDE/plugins/com.st.stm32cube.ide.mcu.externaltools.gnu-tools-for-stm32.12.3.rel1.win32_1.1.0.202410251130/tools/bin/../lib/gcc/arm-none-eabi/12.3.1/thumb/v7e-m+fp/hard/crtend.o
LOAD D:/stmMX/STM32CubeIDE_1.17.0/STM32CubeIDE/plugins/com.st.stm32cube.ide.mcu.externaltools.gnu-tools-for-stm32.12.3.rel1.win32_1.1.0.202410251130/tools/bin/../lib/gcc/arm-none-eabi/12.3.1/thumb/v7e-m+fp/hard/crtn.o
                0x20030000                        _estack = (ORIGIN (RAM) + LENGTH (RAM))
                0x00000200                        _Min_Heap_Size = 0x200
                0x00000400                        _Min_Stack_Size = 0x400

.isr_vector     0x08000000      0x13c
                0x08000000                        . = ALIGN (0x4)
 *(.isr_vector)
 .isr_vector    0x08000000      0x13c ./Core/Startup/startup_stm32wb55rgvx.o
                0x08000000                g_pfnVectors
                0x0800013c                        . = ALIGN (0x4)

.text           0x0800013c     0x4364
                0x0800013c                        . = ALIGN (0x4)
 *(.text)
 .text          0x0800013c       0x40 D:/stmMX/STM32CubeIDE_1.17.0/STM32CubeIDE/plugins/com.st.stm32cube.ide.mcu.externaltools.gnu-tools-for-stm32.12.3.rel1.win32_1.1.0.202410251130/tools/bin/../lib/gcc/arm-none-eabi/12.3.1/thumb/v7e-m+fp/hard/crtbegin.o
 .text          0x0800017c       0x30 D:/stmMX/STM32CubeIDE_1.17.0/STM32CubeIDE/plugins/com.st.stm32cube.ide.mcu.externaltools.gnu-tools-for-stm32.12.3.rel1.win32_1.1.0.202410251130/tools/bin/../lib/gcc/arm-none-eabi/12.3.1/thumb/v7e-m+fp/hard\libgcc.a(_aeabi_uldivmod.o)
                0x0800017c                __aeabi_uldivmod
 .text          0x080001ac      0x2bc D:/stmMX/STM32CubeIDE_1.17.0/STM32CubeIDE/plugins/com.st.stm32cube.ide.mcu.externaltools.gnu-tools-for-stm32.12.3.rel1.win32_1.1.0.202410251130/tools/bin/../lib/gcc/arm-none-eabi/12.3.1/thumb/v7e-m+fp/hard\libgcc.a(_udivmoddi4.o)
                0x080001ac                __udivmoddi4
 .text          0x08000468        0x4 D:/stmMX/STM32CubeIDE_1.17.0/STM32CubeIDE/plugins/com.st.stm32cube.ide.mcu.externaltools.gnu-tools-for-stm32.12.3.rel1.win32_1.1.0.202410251130/tools/bin/../lib/gcc/arm-none-eabi/12.3.1/thumb/v7e-m+fp/hard\libgcc.a(_dvmd_tls.o)
                0x08000468                __aeabi_idiv0
                0x08000468                __aeabi_ldiv0
 *(.text*)
 .text.LL_AHB2_GRP1_EnableClock
                0x0800046c       0x32 ./Core/Src/main.o
 *fill*         0x0800049e        0x2 
 .text.main     0x080004a0       0xb0 ./Core/Src/main.o
                0x080004a0                main
 .text.SystemClock_Config
                0x08000550       0xc8 ./Core/Src/main.o
                0x08000550                SystemClock_Config
 .text.PeriphCommonClock_Config
                0x08000618       0x3a ./Core/Src/main.o
                0x08000618                PeriphCommonClock_Config
 *fill*         0x08000652        0x2 
 .text.MX_I2C1_Init
                0x08000654       0x80 ./Core/Src/main.o
 .text.MX_GPIO_Init
                0x080006d4       0x50 ./Core/Src/main.o
 .text.Error_Handler
                0x08000724        0xc ./Core/Src/main.o
                0x08000724                Error_Handler
 .text.LL_AHB2_GRP1_EnableClock
                0x08000730       0x32 ./Core/Src/stm32wbxx_hal_msp.o
 .text.LL_APB1_GRP1_EnableClock
                0x08000762       0x32 ./Core/Src/stm32wbxx_hal_msp.o
 .text.HAL_MspInit
                0x08000794        0xe ./Core/Src/stm32wbxx_hal_msp.o
                0x08000794                HAL_MspInit
 *fill*         0x080007a2        0x2 
 .text.HAL_I2C_MspInit
                0x080007a4       0x90 ./Core/Src/stm32wbxx_hal_msp.o
                0x080007a4                HAL_I2C_MspInit
 .text.NMI_Handler
                0x08000834        0x8 ./Core/Src/stm32wbxx_it.o
                0x08000834                NMI_Handler
 .text.HardFault_Handler
                0x0800083c        0x8 ./Core/Src/stm32wbxx_it.o
                0x0800083c                HardFault_Handler
 .text.MemManage_Handler
                0x08000844        0x8 ./Core/Src/stm32wbxx_it.o
                0x08000844                MemManage_Handler
 .text.BusFault_Handler
                0x0800084c        0x8 ./Core/Src/stm32wbxx_it.o
                0x0800084c                BusFault_Handler
 .text.UsageFault_Handler
                0x08000854        0x8 ./Core/Src/stm32wbxx_it.o
                0x08000854                UsageFault_Handler
 .text.SVC_Handler
                0x0800085c        0xe ./Core/Src/stm32wbxx_it.o
                0x0800085c                SVC_Handler
 .text.DebugMon_Handler
                0x0800086a        0xe ./Core/Src/stm32wbxx_it.o
                0x0800086a                DebugMon_Handler
 .text.PendSV_Handler
                0x08000878        0xe ./Core/Src/stm32wbxx_it.o
                0x08000878                PendSV_Handler
 .text.SysTick_Handler
                0x08000886        0xc ./Core/Src/stm32wbxx_it.o
                0x08000886                SysTick_Handler
 *fill*         0x08000892        0x2 
 .text.SystemInit
                0x08000894       0xa4 ./Core/Src/system_stm32wbxx.o
                0x08000894                SystemInit
 .text.data_initializers
                0x08000938       0x18 ./Core/Startup/startup_stm32wb55rgvx.o
 .text.Reset_Handler
                0x08000950       0x58 ./Core/Startup/startup_stm32wb55rgvx.o
                0x08000950                Reset_Handler
 .text.Default_Handler
                0x080009a8        0x2 ./Core/Startup/startup_stm32wb55rgvx.o
                0x080009a8                RTC_Alarm_IRQHandler
                0x080009a8                EXTI2_IRQHandler
                0x080009a8                TIM1_CC_IRQHandler
                0x080009a8                TSC_IRQHandler
                0x080009a8                USB_HP_IRQHandler
                0x080009a8                EXTI3_IRQHandler
                0x080009a8                LPTIM2_IRQHandler
                0x080009a8                I2C3_ER_IRQHandler
                0x080009a8                EXTI0_IRQHandler
                0x080009a8                FPU_IRQHandler
                0x080009a8                TIM1_UP_TIM16_IRQHandler
                0x080009a8                AES1_IRQHandler
                0x080009a8                SPI1_IRQHandler
                0x080009a8                PWR_SOTF_BLEACT_802ACT_RFPHASE_IRQHandler
                0x080009a8                DMA2_Channel2_IRQHandler
                0x080009a8                DMA1_Channel4_IRQHandler
                0x080009a8                ADC1_IRQHandler
                0x080009a8                PKA_IRQHandler
                0x080009a8                DMA1_Channel7_IRQHandler
                0x080009a8                LCD_IRQHandler
                0x080009a8                IPCC_C1_TX_IRQHandler
                0x080009a8                DMA2_Channel1_IRQHandler
                0x080009a8                QUADSPI_IRQHandler
                0x080009a8                I2C1_EV_IRQHandler
                0x080009a8                DMAMUX1_OVR_IRQHandler
                0x080009a8                DMA1_Channel6_IRQHandler
                0x080009a8                DMA2_Channel4_IRQHandler
                0x080009a8                RCC_IRQHandler
                0x080009a8                DMA1_Channel1_IRQHandler
                0x080009a8                Default_Handler
                0x080009a8                DMA2_Channel7_IRQHandler
                0x080009a8                EXTI15_10_IRQHandler
                0x080009a8                IPCC_C1_RX_IRQHandler
                0x080009a8                C2SEV_PWR_C2H_IRQHandler
                0x080009a8                AES2_IRQHandler
                0x080009a8                I2C3_EV_IRQHandler
                0x080009a8                EXTI9_5_IRQHandler
                0x080009a8                RTC_WKUP_IRQHandler
                0x080009a8                PVD_PVM_IRQHandler
                0x080009a8                SPI2_IRQHandler
                0x080009a8                DMA2_Channel5_IRQHandler
                0x080009a8                CRS_IRQHandler
                0x080009a8                DMA1_Channel5_IRQHandler
                0x080009a8                USB_LP_IRQHandler
                0x080009a8                EXTI4_IRQHandler
                0x080009a8                RNG_IRQHandler
                0x080009a8                TIM1_TRG_COM_TIM17_IRQHandler
                0x080009a8                TAMP_STAMP_LSECSS_IRQHandler
                0x080009a8                DMA1_Channel3_IRQHandler
                0x080009a8                COMP_IRQHandler
                0x080009a8                HSEM_IRQHandler
                0x080009a8                WWDG_IRQHandler
                0x080009a8                LPUART1_IRQHandler
                0x080009a8                DMA2_Channel6_IRQHandler
                0x080009a8                TIM2_IRQHandler
                0x080009a8                TIM1_BRK_IRQHandler
                0x080009a8                EXTI1_IRQHandler
                0x080009a8                DMA1_Channel2_IRQHandler
                0x080009a8                FLASH_IRQHandler
                0x080009a8                USART1_IRQHandler
                0x080009a8                I2C1_ER_IRQHandler
                0x080009a8                LPTIM1_IRQHandler
                0x080009a8                SAI1_IRQHandler
                0x080009a8                DMA2_Channel3_IRQHandler
 .text.LL_AHB2_GRP1_EnableClock
                0x080009aa       0x32 ./Drivers/BSP/P-NUCLEO-WB55.Nucleo/stm32wbxx_nucleo.o
 .text.LL_APB2_GRP1_EnableClock
                0x080009dc       0x32 ./Drivers/BSP/P-NUCLEO-WB55.Nucleo/stm32wbxx_nucleo.o
 *fill*         0x08000a0e        0x2 
 .text.BSP_LED_Init
                0x08000a10       0x74 ./Drivers/BSP/P-NUCLEO-WB55.Nucleo/stm32wbxx_nucleo.o
                0x08000a10                BSP_LED_Init
 .text.BSP_PB_Init
                0x08000a84       0xe0 ./Drivers/BSP/P-NUCLEO-WB55.Nucleo/stm32wbxx_nucleo.o
                0x08000a84                BSP_PB_Init
 .text.BSP_COM_Init
                0x08000b64       0x60 ./Drivers/BSP/P-NUCLEO-WB55.Nucleo/stm32wbxx_nucleo.o
                0x08000b64                BSP_COM_Init
 .text.MX_LPUART1_Init
                0x08000bc4       0x64 ./Drivers/BSP/P-NUCLEO-WB55.Nucleo/stm32wbxx_nucleo.o
                0x08000bc4                MX_LPUART1_Init
 .text.COM1_MspInit
                0x08000c28       0x60 ./Drivers/BSP/P-NUCLEO-WB55.Nucleo/stm32wbxx_nucleo.o
 .text.HAL_Init
                0x08000c88       0x40 ./Drivers/STM32WBxx_HAL_Driver/Src/stm32wbxx_hal.o
                0x08000c88                HAL_Init
 .text.HAL_InitTick
                0x08000cc8       0x74 ./Drivers/STM32WBxx_HAL_Driver/Src/stm32wbxx_hal.o
                0x08000cc8                HAL_InitTick
 .text.HAL_IncTick
                0x08000d3c       0x28 ./Drivers/STM32WBxx_HAL_Driver/Src/stm32wbxx_hal.o
                0x08000d3c                HAL_IncTick
 .text.HAL_GetTick
                0x08000d64       0x18 ./Drivers/STM32WBxx_HAL_Driver/Src/stm32wbxx_hal.o
                0x08000d64                HAL_GetTick
 .text.HAL_GetTickPrio
                0x08000d7c       0x18 ./Drivers/STM32WBxx_HAL_Driver/Src/stm32wbxx_hal.o
                0x08000d7c                HAL_GetTickPrio
 .text.HAL_Delay
                0x08000d94       0x48 ./Drivers/STM32WBxx_HAL_Driver/Src/stm32wbxx_hal.o
                0x08000d94                HAL_Delay
 .text.__NVIC_SetPriorityGrouping
                0x08000ddc       0x48 ./Drivers/STM32WBxx_HAL_Driver/Src/stm32wbxx_hal_cortex.o
 .text.__NVIC_GetPriorityGrouping
                0x08000e24       0x1c ./Drivers/STM32WBxx_HAL_Driver/Src/stm32wbxx_hal_cortex.o
 .text.__NVIC_EnableIRQ
                0x08000e40       0x3c ./Drivers/STM32WBxx_HAL_Driver/Src/stm32wbxx_hal_cortex.o
 .text.__NVIC_SetPriority
                0x08000e7c       0x54 ./Drivers/STM32WBxx_HAL_Driver/Src/stm32wbxx_hal_cortex.o
 .text.NVIC_EncodePriority
                0x08000ed0       0x66 ./Drivers/STM32WBxx_HAL_Driver/Src/stm32wbxx_hal_cortex.o
 *fill*         0x08000f36        0x2 
 .text.SysTick_Config
                0x08000f38       0x44 ./Drivers/STM32WBxx_HAL_Driver/Src/stm32wbxx_hal_cortex.o
 .text.HAL_NVIC_SetPriorityGrouping
                0x08000f7c       0x16 ./Drivers/STM32WBxx_HAL_Driver/Src/stm32wbxx_hal_cortex.o
                0x08000f7c                HAL_NVIC_SetPriorityGrouping
 .text.HAL_NVIC_SetPriority
                0x08000f92       0x34 ./Drivers/STM32WBxx_HAL_Driver/Src/stm32wbxx_hal_cortex.o
                0x08000f92                HAL_NVIC_SetPriority
 .text.HAL_NVIC_EnableIRQ
                0x08000fc6       0x1c ./Drivers/STM32WBxx_HAL_Driver/Src/stm32wbxx_hal_cortex.o
                0x08000fc6                HAL_NVIC_EnableIRQ
 .text.HAL_SYSTICK_Config
                0x08000fe2       0x18 ./Drivers/STM32WBxx_HAL_Driver/Src/stm32wbxx_hal_cortex.o
                0x08000fe2                HAL_SYSTICK_Config
 *fill*         0x08000ffa        0x2 
 .text.HAL_GPIO_Init
                0x08000ffc      0x2e0 ./Drivers/STM32WBxx_HAL_Driver/Src/stm32wbxx_hal_gpio.o
                0x08000ffc                HAL_GPIO_Init
 .text.HAL_GPIO_WritePin
                0x080012dc       0x30 ./Drivers/STM32WBxx_HAL_Driver/Src/stm32wbxx_hal_gpio.o
                0x080012dc                HAL_GPIO_WritePin
 .text.HAL_I2C_Init
                0x0800130c      0x136 ./Drivers/STM32WBxx_HAL_Driver/Src/stm32wbxx_hal_i2c.o
                0x0800130c                HAL_I2C_Init
 .text.HAL_I2C_Slave_Transmit
                0x08001442      0x29a ./Drivers/STM32WBxx_HAL_Driver/Src/stm32wbxx_hal_i2c.o
                0x08001442                HAL_I2C_Slave_Transmit
 .text.HAL_I2C_Slave_Receive
                0x080016dc      0x220 ./Drivers/STM32WBxx_HAL_Driver/Src/stm32wbxx_hal_i2c.o
                0x080016dc                HAL_I2C_Slave_Receive
 .text.I2C_Flush_TXDR
                0x080018fc       0x48 ./Drivers/STM32WBxx_HAL_Driver/Src/stm32wbxx_hal_i2c.o
 .text.I2C_WaitOnFlagUntilTimeout
                0x08001944       0xb2 ./Drivers/STM32WBxx_HAL_Driver/Src/stm32wbxx_hal_i2c.o
 .text.I2C_WaitOnTXISFlagUntilTimeout
                0x080019f6       0x8e ./Drivers/STM32WBxx_HAL_Driver/Src/stm32wbxx_hal_i2c.o
 .text.I2C_WaitOnSTOPFlagUntilTimeout
                0x08001a84       0x86 ./Drivers/STM32WBxx_HAL_Driver/Src/stm32wbxx_hal_i2c.o
 *fill*         0x08001b0a        0x2 
 .text.I2C_WaitOnRXNEFlagUntilTimeout
                0x08001b0c      0x118 ./Drivers/STM32WBxx_HAL_Driver/Src/stm32wbxx_hal_i2c.o
 .text.I2C_IsErrorOccurred
                0x08001c24      0x1c0 ./Drivers/STM32WBxx_HAL_Driver/Src/stm32wbxx_hal_i2c.o
 .text.HAL_I2CEx_ConfigAnalogFilter
                0x08001de4       0x96 ./Drivers/STM32WBxx_HAL_Driver/Src/stm32wbxx_hal_i2c_ex.o
                0x08001de4                HAL_I2CEx_ConfigAnalogFilter
 .text.HAL_I2CEx_ConfigDigitalFilter
                0x08001e7a       0x98 ./Drivers/STM32WBxx_HAL_Driver/Src/stm32wbxx_hal_i2c_ex.o
                0x08001e7a                HAL_I2CEx_ConfigDigitalFilter
 *fill*         0x08001f12        0x2 
 .text.HAL_PWR_EnableBkUpAccess
                0x08001f14       0x20 ./Drivers/STM32WBxx_HAL_Driver/Src/stm32wbxx_hal_pwr.o
                0x08001f14                HAL_PWR_EnableBkUpAccess
 .text.HAL_PWREx_GetVoltageRange
                0x08001f34       0x1c ./Drivers/STM32WBxx_HAL_Driver/Src/stm32wbxx_hal_pwr_ex.o
                0x08001f34                HAL_PWREx_GetVoltageRange
 .text.LL_RCC_HSE_IsEnabledDiv2
                0x08001f50       0x24 ./Drivers/STM32WBxx_HAL_Driver/Src/stm32wbxx_hal_rcc.o
 .text.LL_RCC_HSE_Enable
                0x08001f74       0x1e ./Drivers/STM32WBxx_HAL_Driver/Src/stm32wbxx_hal_rcc.o
 .text.LL_RCC_HSE_Disable
                0x08001f92       0x1e ./Drivers/STM32WBxx_HAL_Driver/Src/stm32wbxx_hal_rcc.o
 .text.LL_RCC_HSE_IsReady
                0x08001fb0       0x24 ./Drivers/STM32WBxx_HAL_Driver/Src/stm32wbxx_hal_rcc.o
 .text.LL_RCC_HSI_Enable
                0x08001fd4       0x1e ./Drivers/STM32WBxx_HAL_Driver/Src/stm32wbxx_hal_rcc.o
 .text.LL_RCC_HSI_Disable
                0x08001ff2       0x1e ./Drivers/STM32WBxx_HAL_Driver/Src/stm32wbxx_hal_rcc.o
 .text.LL_RCC_HSI_IsReady
                0x08002010       0x24 ./Drivers/STM32WBxx_HAL_Driver/Src/stm32wbxx_hal_rcc.o
 .text.LL_RCC_HSI_SetCalibTrimming
                0x08002034       0x2a ./Drivers/STM32WBxx_HAL_Driver/Src/stm32wbxx_hal_rcc.o
 .text.LL_RCC_HSI48_Enable
                0x0800205e       0x22 ./Drivers/STM32WBxx_HAL_Driver/Src/stm32wbxx_hal_rcc.o
 .text.LL_RCC_HSI48_Disable
                0x08002080       0x22 ./Drivers/STM32WBxx_HAL_Driver/Src/stm32wbxx_hal_rcc.o
 .text.LL_RCC_HSI48_IsReady
                0x080020a2       0x24 ./Drivers/STM32WBxx_HAL_Driver/Src/stm32wbxx_hal_rcc.o
 .text.LL_RCC_LSE_Enable
                0x080020c6       0x22 ./Drivers/STM32WBxx_HAL_Driver/Src/stm32wbxx_hal_rcc.o
 .text.LL_RCC_LSE_Disable
                0x080020e8       0x22 ./Drivers/STM32WBxx_HAL_Driver/Src/stm32wbxx_hal_rcc.o
 .text.LL_RCC_LSE_EnableBypass
                0x0800210a       0x22 ./Drivers/STM32WBxx_HAL_Driver/Src/stm32wbxx_hal_rcc.o
 .text.LL_RCC_LSE_DisableBypass
                0x0800212c       0x22 ./Drivers/STM32WBxx_HAL_Driver/Src/stm32wbxx_hal_rcc.o
 .text.LL_RCC_LSE_IsReady
                0x0800214e       0x24 ./Drivers/STM32WBxx_HAL_Driver/Src/stm32wbxx_hal_rcc.o
 .text.LL_RCC_LSI1_Enable
                0x08002172       0x22 ./Drivers/STM32WBxx_HAL_Driver/Src/stm32wbxx_hal_rcc.o
 .text.LL_RCC_LSI1_Disable
                0x08002194       0x22 ./Drivers/STM32WBxx_HAL_Driver/Src/stm32wbxx_hal_rcc.o
 .text.LL_RCC_LSI1_IsReady
                0x080021b6       0x24 ./Drivers/STM32WBxx_HAL_Driver/Src/stm32wbxx_hal_rcc.o
 .text.LL_RCC_LSI2_Enable
                0x080021da       0x22 ./Drivers/STM32WBxx_HAL_Driver/Src/stm32wbxx_hal_rcc.o
 .text.LL_RCC_LSI2_Disable
                0x080021fc       0x22 ./Drivers/STM32WBxx_HAL_Driver/Src/stm32wbxx_hal_rcc.o
 .text.LL_RCC_LSI2_IsReady
                0x0800221e       0x24 ./Drivers/STM32WBxx_HAL_Driver/Src/stm32wbxx_hal_rcc.o
 .text.LL_RCC_LSI2_SetTrimming
                0x08002242       0x2e ./Drivers/STM32WBxx_HAL_Driver/Src/stm32wbxx_hal_rcc.o
 .text.LL_RCC_MSI_Enable
                0x08002270       0x1e ./Drivers/STM32WBxx_HAL_Driver/Src/stm32wbxx_hal_rcc.o
 .text.LL_RCC_MSI_Disable
                0x0800228e       0x1e ./Drivers/STM32WBxx_HAL_Driver/Src/stm32wbxx_hal_rcc.o
 .text.LL_RCC_MSI_IsReady
                0x080022ac       0x22 ./Drivers/STM32WBxx_HAL_Driver/Src/stm32wbxx_hal_rcc.o
 .text.LL_RCC_MSI_SetRange
                0x080022ce       0x28 ./Drivers/STM32WBxx_HAL_Driver/Src/stm32wbxx_hal_rcc.o
 .text.LL_RCC_MSI_GetRange
                0x080022f6       0x2a ./Drivers/STM32WBxx_HAL_Driver/Src/stm32wbxx_hal_rcc.o
 .text.LL_RCC_MSI_SetCalibTrimming
                0x08002320       0x2a ./Drivers/STM32WBxx_HAL_Driver/Src/stm32wbxx_hal_rcc.o
 .text.LL_RCC_SetSysClkSource
                0x0800234a       0x28 ./Drivers/STM32WBxx_HAL_Driver/Src/stm32wbxx_hal_rcc.o
 .text.LL_RCC_GetSysClkSource
                0x08002372       0x18 ./Drivers/STM32WBxx_HAL_Driver/Src/stm32wbxx_hal_rcc.o
 .text.LL_RCC_SetAHBPrescaler
                0x0800238a       0x28 ./Drivers/STM32WBxx_HAL_Driver/Src/stm32wbxx_hal_rcc.o
 .text.LL_C2_RCC_SetAHBPrescaler
                0x080023b2       0x2c ./Drivers/STM32WBxx_HAL_Driver/Src/stm32wbxx_hal_rcc.o
 .text.LL_RCC_SetAHB4Prescaler
                0x080023de       0x2e ./Drivers/STM32WBxx_HAL_Driver/Src/stm32wbxx_hal_rcc.o
 .text.LL_RCC_SetAPB1Prescaler
                0x0800240c       0x28 ./Drivers/STM32WBxx_HAL_Driver/Src/stm32wbxx_hal_rcc.o
 .text.LL_RCC_SetAPB2Prescaler
                0x08002434       0x28 ./Drivers/STM32WBxx_HAL_Driver/Src/stm32wbxx_hal_rcc.o
 .text.LL_RCC_GetAHBPrescaler
                0x0800245c       0x18 ./Drivers/STM32WBxx_HAL_Driver/Src/stm32wbxx_hal_rcc.o
 .text.LL_RCC_GetAHB4Prescaler
                0x08002474       0x1c ./Drivers/STM32WBxx_HAL_Driver/Src/stm32wbxx_hal_rcc.o
 .text.LL_RCC_GetAPB1Prescaler
                0x08002490       0x18 ./Drivers/STM32WBxx_HAL_Driver/Src/stm32wbxx_hal_rcc.o
 .text.LL_RCC_GetAPB2Prescaler
                0x080024a8       0x18 ./Drivers/STM32WBxx_HAL_Driver/Src/stm32wbxx_hal_rcc.o
 .text.LL_RCC_PLL_Enable
                0x080024c0       0x1e ./Drivers/STM32WBxx_HAL_Driver/Src/stm32wbxx_hal_rcc.o
 .text.LL_RCC_PLL_Disable
                0x080024de       0x1e ./Drivers/STM32WBxx_HAL_Driver/Src/stm32wbxx_hal_rcc.o
 .text.LL_RCC_PLL_IsReady
                0x080024fc       0x24 ./Drivers/STM32WBxx_HAL_Driver/Src/stm32wbxx_hal_rcc.o
 .text.LL_RCC_PLL_GetN
                0x08002520       0x1a ./Drivers/STM32WBxx_HAL_Driver/Src/stm32wbxx_hal_rcc.o
 .text.LL_RCC_PLL_GetR
                0x0800253a       0x18 ./Drivers/STM32WBxx_HAL_Driver/Src/stm32wbxx_hal_rcc.o
 .text.LL_RCC_PLL_GetDivider
                0x08002552       0x18 ./Drivers/STM32WBxx_HAL_Driver/Src/stm32wbxx_hal_rcc.o
 .text.LL_RCC_PLL_GetMainSource
                0x0800256a       0x18 ./Drivers/STM32WBxx_HAL_Driver/Src/stm32wbxx_hal_rcc.o
 .text.LL_RCC_IsActiveFlag_HPRE
                0x08002582       0x24 ./Drivers/STM32WBxx_HAL_Driver/Src/stm32wbxx_hal_rcc.o
 .text.LL_RCC_IsActiveFlag_C2HPRE
                0x080025a6       0x26 ./Drivers/STM32WBxx_HAL_Driver/Src/stm32wbxx_hal_rcc.o
 .text.LL_RCC_IsActiveFlag_SHDHPRE
                0x080025cc       0x26 ./Drivers/STM32WBxx_HAL_Driver/Src/stm32wbxx_hal_rcc.o
 .text.LL_RCC_IsActiveFlag_PPRE1
                0x080025f2       0x24 ./Drivers/STM32WBxx_HAL_Driver/Src/stm32wbxx_hal_rcc.o
 .text.LL_RCC_IsActiveFlag_PPRE2
                0x08002616       0x24 ./Drivers/STM32WBxx_HAL_Driver/Src/stm32wbxx_hal_rcc.o
 *fill*         0x0800263a        0x2 
 .text.HAL_RCC_OscConfig
                0x0800263c      0x6e8 ./Drivers/STM32WBxx_HAL_Driver/Src/stm32wbxx_hal_rcc.o
                0x0800263c                HAL_RCC_OscConfig
 .text.HAL_RCC_ClockConfig
                0x08002d24      0x280 ./Drivers/STM32WBxx_HAL_Driver/Src/stm32wbxx_hal_rcc.o
                0x08002d24                HAL_RCC_ClockConfig
 .text.HAL_RCC_GetSysClockFreq
                0x08002fa4       0xd8 ./Drivers/STM32WBxx_HAL_Driver/Src/stm32wbxx_hal_rcc.o
                0x08002fa4                HAL_RCC_GetSysClockFreq
 .text.HAL_RCC_GetHCLKFreq
                0x0800307c       0x28 ./Drivers/STM32WBxx_HAL_Driver/Src/stm32wbxx_hal_rcc.o
                0x0800307c                HAL_RCC_GetHCLKFreq
 .text.HAL_RCC_GetPCLK1Freq
                0x080030a4       0x2c ./Drivers/STM32WBxx_HAL_Driver/Src/stm32wbxx_hal_rcc.o
                0x080030a4                HAL_RCC_GetPCLK1Freq
 .text.HAL_RCC_GetPCLK2Freq
                0x080030d0       0x2c ./Drivers/STM32WBxx_HAL_Driver/Src/stm32wbxx_hal_rcc.o
                0x080030d0                HAL_RCC_GetPCLK2Freq
 .text.RCC_SetFlashLatencyFromMSIRange
                0x080030fc       0x70 ./Drivers/STM32WBxx_HAL_Driver/Src/stm32wbxx_hal_rcc.o
 .text.RCC_SetFlashLatency
                0x0800316c       0xf8 ./Drivers/STM32WBxx_HAL_Driver/Src/stm32wbxx_hal_rcc.o
 .text.LL_RCC_LSE_IsEnabled
                0x08003264       0x24 ./Drivers/STM32WBxx_HAL_Driver/Src/stm32wbxx_hal_rcc_ex.o
 .text.LL_RCC_LSE_IsReady
                0x08003288       0x24 ./Drivers/STM32WBxx_HAL_Driver/Src/stm32wbxx_hal_rcc_ex.o
 .text.LL_RCC_SetRFWKPClockSource
                0x080032ac       0x2c ./Drivers/STM32WBxx_HAL_Driver/Src/stm32wbxx_hal_rcc_ex.o
 .text.LL_RCC_SetSMPSClockSource
                0x080032d8       0x28 ./Drivers/STM32WBxx_HAL_Driver/Src/stm32wbxx_hal_rcc_ex.o
 .text.LL_RCC_SetSMPSPrescaler
                0x08003300       0x28 ./Drivers/STM32WBxx_HAL_Driver/Src/stm32wbxx_hal_rcc_ex.o
 .text.LL_RCC_SetUSARTClockSource
                0x08003328       0x2c ./Drivers/STM32WBxx_HAL_Driver/Src/stm32wbxx_hal_rcc_ex.o
 .text.LL_RCC_SetLPUARTClockSource
                0x08003354       0x2c ./Drivers/STM32WBxx_HAL_Driver/Src/stm32wbxx_hal_rcc_ex.o
 .text.LL_RCC_SetI2CClockSource
                0x08003380       0x3a ./Drivers/STM32WBxx_HAL_Driver/Src/stm32wbxx_hal_rcc_ex.o
 .text.LL_RCC_SetLPTIMClockSource
                0x080033ba       0x34 ./Drivers/STM32WBxx_HAL_Driver/Src/stm32wbxx_hal_rcc_ex.o
 .text.LL_RCC_SetSAIClockSource
                0x080033ee       0x2c ./Drivers/STM32WBxx_HAL_Driver/Src/stm32wbxx_hal_rcc_ex.o
 .text.LL_RCC_SetRNGClockSource
                0x0800341a       0x2c ./Drivers/STM32WBxx_HAL_Driver/Src/stm32wbxx_hal_rcc_ex.o
 .text.LL_RCC_SetCLK48ClockSource
                0x08003446       0x2c ./Drivers/STM32WBxx_HAL_Driver/Src/stm32wbxx_hal_rcc_ex.o
 .text.LL_RCC_SetUSBClockSource
                0x08003472       0x16 ./Drivers/STM32WBxx_HAL_Driver/Src/stm32wbxx_hal_rcc_ex.o
 .text.LL_RCC_SetADCClockSource
                0x08003488       0x2c ./Drivers/STM32WBxx_HAL_Driver/Src/stm32wbxx_hal_rcc_ex.o
 .text.LL_RCC_SetRTCClockSource
                0x080034b4       0x2c ./Drivers/STM32WBxx_HAL_Driver/Src/stm32wbxx_hal_rcc_ex.o
 .text.LL_RCC_GetRTCClockSource
                0x080034e0       0x1a ./Drivers/STM32WBxx_HAL_Driver/Src/stm32wbxx_hal_rcc_ex.o
 .text.LL_RCC_ForceBackupDomainReset
                0x080034fa       0x22 ./Drivers/STM32WBxx_HAL_Driver/Src/stm32wbxx_hal_rcc_ex.o
 .text.LL_RCC_ReleaseBackupDomainReset
                0x0800351c       0x22 ./Drivers/STM32WBxx_HAL_Driver/Src/stm32wbxx_hal_rcc_ex.o
 .text.LL_RCC_PLLSAI1_Enable
                0x0800353e       0x1e ./Drivers/STM32WBxx_HAL_Driver/Src/stm32wbxx_hal_rcc_ex.o
 .text.LL_RCC_PLLSAI1_Disable
                0x0800355c       0x1e ./Drivers/STM32WBxx_HAL_Driver/Src/stm32wbxx_hal_rcc_ex.o
 .text.LL_RCC_PLLSAI1_IsReady
                0x0800357a       0x24 ./Drivers/STM32WBxx_HAL_Driver/Src/stm32wbxx_hal_rcc_ex.o
 .text.HAL_RCCEx_PeriphCLKConfig
                0x0800359e      0x2ec ./Drivers/STM32WBxx_HAL_Driver/Src/stm32wbxx_hal_rcc_ex.o
                0x0800359e                HAL_RCCEx_PeriphCLKConfig
 .text.RCCEx_PLLSAI1_ConfigNP
                0x0800388a       0xb6 ./Drivers/STM32WBxx_HAL_Driver/Src/stm32wbxx_hal_rcc_ex.o
 .text.RCCEx_PLLSAI1_ConfigNQ
                0x08003940       0xb6 ./Drivers/STM32WBxx_HAL_Driver/Src/stm32wbxx_hal_rcc_ex.o
 .text.RCCEx_PLLSAI1_ConfigNR
                0x080039f6       0xb6 ./Drivers/STM32WBxx_HAL_Driver/Src/stm32wbxx_hal_rcc_ex.o
 .text.LL_RCC_GetUSARTClockSource
                0x08003aac       0x20 ./Drivers/STM32WBxx_HAL_Driver/Src/stm32wbxx_hal_uart.o
 .text.LL_RCC_GetLPUARTClockSource
                0x08003acc       0x20 ./Drivers/STM32WBxx_HAL_Driver/Src/stm32wbxx_hal_uart.o
 .text.HAL_UART_Init
                0x08003aec       0xa0 ./Drivers/STM32WBxx_HAL_Driver/Src/stm32wbxx_hal_uart.o
                0x08003aec                HAL_UART_Init
 .text.HAL_UART_MspInit
                0x08003b8c       0x14 ./Drivers/STM32WBxx_HAL_Driver/Src/stm32wbxx_hal_uart.o
                0x08003b8c                HAL_UART_MspInit
 .text.UART_SetConfig
                0x08003ba0      0x450 ./Drivers/STM32WBxx_HAL_Driver/Src/stm32wbxx_hal_uart.o
                0x08003ba0                UART_SetConfig
 .text.UART_AdvFeatureConfig
                0x08003ff0      0x144 ./Drivers/STM32WBxx_HAL_Driver/Src/stm32wbxx_hal_uart.o
                0x08003ff0                UART_AdvFeatureConfig
 .text.UART_CheckIdleState
                0x08004134      0x154 ./Drivers/STM32WBxx_HAL_Driver/Src/stm32wbxx_hal_uart.o
                0x08004134                UART_CheckIdleState
 .text.UART_WaitOnFlagUntilTimeout
                0x08004288       0xda ./Drivers/STM32WBxx_HAL_Driver/Src/stm32wbxx_hal_uart.o
                0x08004288                UART_WaitOnFlagUntilTimeout
 .text.UART_EndRxTransfer
                0x08004362       0xcc ./Drivers/STM32WBxx_HAL_Driver/Src/stm32wbxx_hal_uart.o
 .text.memset   0x0800442e       0x10 D:/stmMX/STM32CubeIDE_1.17.0/STM32CubeIDE/plugins/com.st.stm32cube.ide.mcu.externaltools.gnu-tools-for-stm32.12.3.rel1.win32_1.1.0.202410251130/tools/bin/../lib/gcc/arm-none-eabi/12.3.1/../../../../arm-none-eabi/lib/thumb/v7e-m+fp/hard\libc_nano.a(libc_a-memset.o)
                0x0800442e                memset
 *fill*         0x0800443e        0x2 
 .text.__libc_init_array
                0x08004440       0x48 D:/stmMX/STM32CubeIDE_1.17.0/STM32CubeIDE/plugins/com.st.stm32cube.ide.mcu.externaltools.gnu-tools-for-stm32.12.3.rel1.win32_1.1.0.202410251130/tools/bin/../lib/gcc/arm-none-eabi/12.3.1/../../../../arm-none-eabi/lib/thumb/v7e-m+fp/hard\libc_nano.a(libc_a-init.o)
                0x08004440                __libc_init_array
 *(.glue_7)
 .glue_7        0x08004488        0x0 linker stubs
 *(.glue_7t)
 .glue_7t       0x08004488        0x0 linker stubs
 *(.eh_frame)
 .eh_frame      0x08004488        0x0 D:/stmMX/STM32CubeIDE_1.17.0/STM32CubeIDE/plugins/com.st.stm32cube.ide.mcu.externaltools.gnu-tools-for-stm32.12.3.rel1.win32_1.1.0.202410251130/tools/bin/../lib/gcc/arm-none-eabi/12.3.1/thumb/v7e-m+fp/hard/crtbegin.o
 *(.init)
 .init          0x08004488        0x4 D:/stmMX/STM32CubeIDE_1.17.0/STM32CubeIDE/plugins/com.st.stm32cube.ide.mcu.externaltools.gnu-tools-for-stm32.12.3.rel1.win32_1.1.0.202410251130/tools/bin/../lib/gcc/arm-none-eabi/12.3.1/thumb/v7e-m+fp/hard/crti.o
                0x08004488                _init
 .init          0x0800448c        0x8 D:/stmMX/STM32CubeIDE_1.17.0/STM32CubeIDE/plugins/com.st.stm32cube.ide.mcu.externaltools.gnu-tools-for-stm32.12.3.rel1.win32_1.1.0.202410251130/tools/bin/../lib/gcc/arm-none-eabi/12.3.1/thumb/v7e-m+fp/hard/crtn.o
 *(.fini)
 .fini          0x08004494        0x4 D:/stmMX/STM32CubeIDE_1.17.0/STM32CubeIDE/plugins/com.st.stm32cube.ide.mcu.externaltools.gnu-tools-for-stm32.12.3.rel1.win32_1.1.0.202410251130/tools/bin/../lib/gcc/arm-none-eabi/12.3.1/thumb/v7e-m+fp/hard/crti.o
                0x08004494                _fini
 .fini          0x08004498        0x8 D:/stmMX/STM32CubeIDE_1.17.0/STM32CubeIDE/plugins/com.st.stm32cube.ide.mcu.externaltools.gnu-tools-for-stm32.12.3.rel1.win32_1.1.0.202410251130/tools/bin/../lib/gcc/arm-none-eabi/12.3.1/thumb/v7e-m+fp/hard/crtn.o
                0x080044a0                        . = ALIGN (0x4)
                0x080044a0                        _etext = .

.vfp11_veneer   0x080044a0        0x0
 .vfp11_veneer  0x080044a0        0x0 linker stubs

.v4_bx          0x080044a0        0x0
 .v4_bx         0x080044a0        0x0 linker stubs

.iplt           0x080044a0        0x0
 .iplt          0x080044a0        0x0 D:/stmMX/STM32CubeIDE_1.17.0/STM32CubeIDE/plugins/com.st.stm32cube.ide.mcu.externaltools.gnu-tools-for-stm32.12.3.rel1.win32_1.1.0.202410251130/tools/bin/../lib/gcc/arm-none-eabi/12.3.1/thumb/v7e-m+fp/hard/crtbegin.o

.rodata         0x080044a0       0xf8
                0x080044a0                        . = ALIGN (0x4)
 *(.rodata)
 .rodata        0x080044a0       0x2c ./Drivers/STM32WBxx_HAL_Driver/Src/stm32wbxx_hal_rcc.o
 *(.rodata*)
 .rodata.AHBPrescTable
                0x080044cc       0x40 ./Core/Src/system_stm32wbxx.o
                0x080044cc                AHBPrescTable
 .rodata.APBPrescTable
                0x0800450c       0x20 ./Core/Src/system_stm32wbxx.o
                0x0800450c                APBPrescTable
 .rodata.MSIRangeTable
                0x0800452c       0x40 ./Core/Src/system_stm32wbxx.o
                0x0800452c                MSIRangeTable
 .rodata.GPIO_PIN
                0x0800456c        0x6 ./Drivers/BSP/P-NUCLEO-WB55.Nucleo/stm32wbxx_nucleo.o
                0x0800456c                GPIO_PIN
 *fill*         0x08004572        0x2 
 .rodata.BUTTON_PIN
                0x08004574        0x6 ./Drivers/BSP/P-NUCLEO-WB55.Nucleo/stm32wbxx_nucleo.o
                0x08004574                BUTTON_PIN
 *fill*         0x0800457a        0x2 
 .rodata.BUTTON_IRQn
                0x0800457c        0x3 ./Drivers/BSP/P-NUCLEO-WB55.Nucleo/stm32wbxx_nucleo.o
                0x0800457c                BUTTON_IRQn
 *fill*         0x0800457f        0x1 
 .rodata.UARTPrescTable
                0x08004580       0x18 ./Drivers/STM32WBxx_HAL_Driver/Src/stm32wbxx_hal_uart.o
                0x08004580                UARTPrescTable
                0x08004598                        . = ALIGN (0x4)

.ARM.extab
 *(.ARM.extab* .gnu.linkonce.armextab.*)

.ARM            0x08004598        0x8
                0x08004598                        __exidx_start = .
 *(.ARM.exidx*)
 .ARM.exidx     0x08004598        0x8 D:/stmMX/STM32CubeIDE_1.17.0/STM32CubeIDE/plugins/com.st.stm32cube.ide.mcu.externaltools.gnu-tools-for-stm32.12.3.rel1.win32_1.1.0.202410251130/tools/bin/../lib/gcc/arm-none-eabi/12.3.1/thumb/v7e-m+fp/hard\libgcc.a(_udivmoddi4.o)
                0x080045a0                        __exidx_end = .

.preinit_array  0x080045a0        0x0
                0x080045a0                        PROVIDE (__preinit_array_start = .)
 *(.preinit_array*)
                0x080045a0                        PROVIDE (__preinit_array_end = .)

.init_array     0x080045a0        0x4
                0x080045a0                        PROVIDE (__init_array_start = .)
 *(SORT_BY_NAME(.init_array.*))
 *(.init_array*)
 .init_array    0x080045a0        0x4 D:/stmMX/STM32CubeIDE_1.17.0/STM32CubeIDE/plugins/com.st.stm32cube.ide.mcu.externaltools.gnu-tools-for-stm32.12.3.rel1.win32_1.1.0.202410251130/tools/bin/../lib/gcc/arm-none-eabi/12.3.1/thumb/v7e-m+fp/hard/crtbegin.o
                0x080045a4                        PROVIDE (__init_array_end = .)

.fini_array     0x080045a4        0x4
                [!provide]                        PROVIDE (__fini_array_start = .)
 *(SORT_BY_NAME(.fini_array.*))
 *(.fini_array*)
 .fini_array    0x080045a4        0x4 D:/stmMX/STM32CubeIDE_1.17.0/STM32CubeIDE/plugins/com.st.stm32cube.ide.mcu.externaltools.gnu-tools-for-stm32.12.3.rel1.win32_1.1.0.202410251130/tools/bin/../lib/gcc/arm-none-eabi/12.3.1/thumb/v7e-m+fp/hard/crtbegin.o
                [!provide]                        PROVIDE (__fini_array_end = .)
                0x080045a8                        _sidata = LOADADDR (.data)

.rel.dyn        0x080045a8        0x0
 .rel.iplt      0x080045a8        0x0 D:/stmMX/STM32CubeIDE_1.17.0/STM32CubeIDE/plugins/com.st.stm32cube.ide.mcu.externaltools.gnu-tools-for-stm32.12.3.rel1.win32_1.1.0.202410251130/tools/bin/../lib/gcc/arm-none-eabi/12.3.1/thumb/v7e-m+fp/hard/crtbegin.o

.data           0x20000008       0x28 load address 0x080045a8
                0x20000008                        . = ALIGN (0x4)
                0x20000008                        _sdata = .
 *(.data)
 *(.data*)
 .data.SystemCoreClock
                0x20000008        0x4 ./Core/Src/system_stm32wbxx.o
                0x20000008                SystemCoreClock
 .data.GPIO_PORT
                0x2000000c        0xc ./Drivers/BSP/P-NUCLEO-WB55.Nucleo/stm32wbxx_nucleo.o
                0x2000000c                GPIO_PORT
 .data.BUTTON_PORT
                0x20000018        0xc ./Drivers/BSP/P-NUCLEO-WB55.Nucleo/stm32wbxx_nucleo.o
                0x20000018                BUTTON_PORT
 .data.COM_USART
                0x20000024        0x4 ./Drivers/BSP/P-NUCLEO-WB55.Nucleo/stm32wbxx_nucleo.o
 .data.uwTickPrio
                0x20000028        0x4 ./Drivers/STM32WBxx_HAL_Driver/Src/stm32wbxx_hal.o
                0x20000028                uwTickPrio
 .data.uwTickFreq
                0x2000002c        0x1 ./Drivers/STM32WBxx_HAL_Driver/Src/stm32wbxx_hal.o
                0x2000002c                uwTickFreq
 *(.RamFunc)
 *(.RamFunc*)
                0x20000030                        . = ALIGN (0x4)
 *fill*         0x2000002d        0x3 
                0x20000030                        _edata = .

.igot.plt       0x20000030        0x0 load address 0x080045d0
 .igot.plt      0x20000030        0x0 D:/stmMX/STM32CubeIDE_1.17.0/STM32CubeIDE/plugins/com.st.stm32cube.ide.mcu.externaltools.gnu-tools-for-stm32.12.3.rel1.win32_1.1.0.202410251130/tools/bin/../lib/gcc/arm-none-eabi/12.3.1/thumb/v7e-m+fp/hard/crtbegin.o
                0x20000030                        . = ALIGN (0x4)

.bss            0x20000030      0x11c load address 0x080045d0
                0x20000030                        _sbss = .
                0x20000030                        __bss_start__ = _sbss
 *(.bss)
 .bss           0x20000030       0x1c D:/stmMX/STM32CubeIDE_1.17.0/STM32CubeIDE/plugins/com.st.stm32cube.ide.mcu.externaltools.gnu-tools-for-stm32.12.3.rel1.win32_1.1.0.202410251130/tools/bin/../lib/gcc/arm-none-eabi/12.3.1/thumb/v7e-m+fp/hard/crtbegin.o
 *(.bss*)
 .bss.received_data
                0x2000004c        0x1 ./Core/Src/main.o
                0x2000004c                received_data
 .bss.response_data
                0x2000004d        0x1 ./Core/Src/main.o
                0x2000004d                response_data
 *fill*         0x2000004e        0x2 
 .bss.BspCOMInit
                0x20000050       0x10 ./Core/Src/main.o
                0x20000050                BspCOMInit
 .bss.hi2c1     0x20000060       0x54 ./Core/Src/main.o
                0x20000060                hi2c1
 .bss.hcom_uart
                0x200000b4       0x94 ./Drivers/BSP/P-NUCLEO-WB55.Nucleo/stm32wbxx_nucleo.o
                0x200000b4                hcom_uart
 .bss.uwTick    0x20000148        0x4 ./Drivers/STM32WBxx_HAL_Driver/Src/stm32wbxx_hal.o
                0x20000148                uwTick
 *(COMMON)
                0x2000014c                        . = ALIGN (0x4)
                0x2000014c                        _ebss = .
                0x2000014c                        __bss_end__ = _ebss

._user_heap_stack
                0x2000014c      0x604 load address 0x080045d0
                0x20000150                        . = ALIGN (0x8)
 *fill*         0x2000014c        0x4 
                [!provide]                        PROVIDE (end = .)
                0x20000150                        PROVIDE (_end = .)
                0x20000350                        . = (. + _Min_Heap_Size)
 *fill*         0x20000150      0x200 
                0x20000750                        . = (. + _Min_Stack_Size)
 *fill*         0x20000350      0x400 
                0x20000750                        . = ALIGN (0x8)

/DISCARD/
 libc.a(*)
 libm.a(*)
 libgcc.a(*)

.ARM.attributes
                0x00000000       0x30
 *(.ARM.attributes)
 .ARM.attributes
                0x00000000       0x22 D:/stmMX/STM32CubeIDE_1.17.0/STM32CubeIDE/plugins/com.st.stm32cube.ide.mcu.externaltools.gnu-tools-for-stm32.12.3.rel1.win32_1.1.0.202410251130/tools/bin/../lib/gcc/arm-none-eabi/12.3.1/thumb/v7e-m+fp/hard/crti.o
 .ARM.attributes
                0x00000022       0x34 D:/stmMX/STM32CubeIDE_1.17.0/STM32CubeIDE/plugins/com.st.stm32cube.ide.mcu.externaltools.gnu-tools-for-stm32.12.3.rel1.win32_1.1.0.202410251130/tools/bin/../lib/gcc/arm-none-eabi/12.3.1/thumb/v7e-m+fp/hard/crtbegin.o
 .ARM.attributes
                0x00000056       0x34 ./Core/Src/main.o
 .ARM.attributes
                0x0000008a       0x34 ./Core/Src/stm32wbxx_hal_msp.o
 .ARM.attributes
                0x000000be       0x34 ./Core/Src/stm32wbxx_it.o
 .ARM.attributes
                0x000000f2       0x34 ./Core/Src/system_stm32wbxx.o
 .ARM.attributes
                0x00000126       0x21 ./Core/Startup/startup_stm32wb55rgvx.o
 .ARM.attributes
                0x00000147       0x34 ./Drivers/BSP/P-NUCLEO-WB55.Nucleo/stm32wbxx_nucleo.o
 .ARM.attributes
                0x0000017b       0x34 ./Drivers/STM32WBxx_HAL_Driver/Src/stm32wbxx_hal.o
 .ARM.attributes
                0x000001af       0x34 ./Drivers/STM32WBxx_HAL_Driver/Src/stm32wbxx_hal_cortex.o
 .ARM.attributes
                0x000001e3       0x34 ./Drivers/STM32WBxx_HAL_Driver/Src/stm32wbxx_hal_gpio.o
 .ARM.attributes
                0x00000217       0x34 ./Drivers/STM32WBxx_HAL_Driver/Src/stm32wbxx_hal_i2c.o
 .ARM.attributes
                0x0000024b       0x34 ./Drivers/STM32WBxx_HAL_Driver/Src/stm32wbxx_hal_i2c_ex.o
 .ARM.attributes
                0x0000027f       0x34 ./Drivers/STM32WBxx_HAL_Driver/Src/stm32wbxx_hal_pwr.o
 .ARM.attributes
                0x000002b3       0x34 ./Drivers/STM32WBxx_HAL_Driver/Src/stm32wbxx_hal_pwr_ex.o
 .ARM.attributes
                0x000002e7       0x34 ./Drivers/STM32WBxx_HAL_Driver/Src/stm32wbxx_hal_rcc.o
 .ARM.attributes
                0x0000031b       0x34 ./Drivers/STM32WBxx_HAL_Driver/Src/stm32wbxx_hal_rcc_ex.o
 .ARM.attributes
                0x0000034f       0x34 ./Drivers/STM32WBxx_HAL_Driver/Src/stm32wbxx_hal_uart.o
 .ARM.attributes
                0x00000383       0x34 D:/stmMX/STM32CubeIDE_1.17.0/STM32CubeIDE/plugins/com.st.stm32cube.ide.mcu.externaltools.gnu-tools-for-stm32.12.3.rel1.win32_1.1.0.202410251130/tools/bin/../lib/gcc/arm-none-eabi/12.3.1/../../../../arm-none-eabi/lib/thumb/v7e-m+fp/hard\libc_nano.a(libc_a-memset.o)
 .ARM.attributes
                0x000003b7       0x34 D:/stmMX/STM32CubeIDE_1.17.0/STM32CubeIDE/plugins/com.st.stm32cube.ide.mcu.externaltools.gnu-tools-for-stm32.12.3.rel1.win32_1.1.0.202410251130/tools/bin/../lib/gcc/arm-none-eabi/12.3.1/../../../../arm-none-eabi/lib/thumb/v7e-m+fp/hard\libc_nano.a(libc_a-init.o)
 .ARM.attributes
                0x000003eb       0x22 D:/stmMX/STM32CubeIDE_1.17.0/STM32CubeIDE/plugins/com.st.stm32cube.ide.mcu.externaltools.gnu-tools-for-stm32.12.3.rel1.win32_1.1.0.202410251130/tools/bin/../lib/gcc/arm-none-eabi/12.3.1/thumb/v7e-m+fp/hard\libgcc.a(_aeabi_uldivmod.o)
 .ARM.attributes
                0x0000040d       0x34 D:/stmMX/STM32CubeIDE_1.17.0/STM32CubeIDE/plugins/com.st.stm32cube.ide.mcu.externaltools.gnu-tools-for-stm32.12.3.rel1.win32_1.1.0.202410251130/tools/bin/../lib/gcc/arm-none-eabi/12.3.1/thumb/v7e-m+fp/hard\libgcc.a(_udivmoddi4.o)
 .ARM.attributes
                0x00000441       0x22 D:/stmMX/STM32CubeIDE_1.17.0/STM32CubeIDE/plugins/com.st.stm32cube.ide.mcu.externaltools.gnu-tools-for-stm32.12.3.rel1.win32_1.1.0.202410251130/tools/bin/../lib/gcc/arm-none-eabi/12.3.1/thumb/v7e-m+fp/hard\libgcc.a(_dvmd_tls.o)
 .ARM.attributes
                0x00000463       0x22 D:/stmMX/STM32CubeIDE_1.17.0/STM32CubeIDE/plugins/com.st.stm32cube.ide.mcu.externaltools.gnu-tools-for-stm32.12.3.rel1.win32_1.1.0.202410251130/tools/bin/../lib/gcc/arm-none-eabi/12.3.1/thumb/v7e-m+fp/hard/crtn.o

MAPPING_TABLE
 *(MAPPING_TABLE)

MB_MEM1
 *(MB_MEM1)
                0x080045d0                        _siMB_MEM2 = LOADADDR (.MB_MEM2)

.MB_MEM2        0x20030000        0x0 load address 0x080045d0
                0x20030000                        _sMB_MEM2 = .
 *(MB_MEM2)
                0x20030000                        _eMB_MEM2 = .
OUTPUT(slave code.elf elf32-littlearm)
LOAD linker stubs
LOAD D:/stmMX/STM32CubeIDE_1.17.0/STM32CubeIDE/plugins/com.st.stm32cube.ide.mcu.externaltools.gnu-tools-for-stm32.12.3.rel1.win32_1.1.0.202410251130/tools/bin/../lib/gcc/arm-none-eabi/12.3.1/../../../../arm-none-eabi/lib/thumb/v7e-m+fp/hard\libc.a
LOAD D:/stmMX/STM32CubeIDE_1.17.0/STM32CubeIDE/plugins/com.st.stm32cube.ide.mcu.externaltools.gnu-tools-for-stm32.12.3.rel1.win32_1.1.0.202410251130/tools/bin/../lib/gcc/arm-none-eabi/12.3.1/../../../../arm-none-eabi/lib/thumb/v7e-m+fp/hard\libm.a
LOAD D:/stmMX/STM32CubeIDE_1.17.0/STM32CubeIDE/plugins/com.st.stm32cube.ide.mcu.externaltools.gnu-tools-for-stm32.12.3.rel1.win32_1.1.0.202410251130/tools/bin/../lib/gcc/arm-none-eabi/12.3.1/thumb/v7e-m+fp/hard\libgcc.a

.debug_info     0x00000000    0x12676
 .debug_info    0x00000000     0x14db ./Core/Src/main.o
 .debug_info    0x000014db      0xe30 ./Core/Src/stm32wbxx_hal_msp.o
 .debug_info    0x0000230b      0x11a ./Core/Src/stm32wbxx_it.o
 .debug_info    0x00002425      0x703 ./Core/Src/system_stm32wbxx.o
 .debug_info    0x00002b28       0x30 ./Core/Startup/startup_stm32wb55rgvx.o
 .debug_info    0x00002b58     0x15aa ./Drivers/BSP/P-NUCLEO-WB55.Nucleo/stm32wbxx_nucleo.o
 .debug_info    0x00004102     0x12ae ./Drivers/STM32WBxx_HAL_Driver/Src/stm32wbxx_hal.o
 .debug_info    0x000053b0      0xccd ./Drivers/STM32WBxx_HAL_Driver/Src/stm32wbxx_hal_cortex.o
 .debug_info    0x0000607d      0x6aa ./Drivers/STM32WBxx_HAL_Driver/Src/stm32wbxx_hal_gpio.o
 .debug_info    0x00006727     0x21ee ./Drivers/STM32WBxx_HAL_Driver/Src/stm32wbxx_hal_i2c.o
 .debug_info    0x00008915      0x8fb ./Drivers/STM32WBxx_HAL_Driver/Src/stm32wbxx_hal_i2c_ex.o
 .debug_info    0x00009210      0x904 ./Drivers/STM32WBxx_HAL_Driver/Src/stm32wbxx_hal_pwr.o
 .debug_info    0x00009b14     0x105d ./Drivers/STM32WBxx_HAL_Driver/Src/stm32wbxx_hal_pwr_ex.o
 .debug_info    0x0000ab71     0x14d1 ./Drivers/STM32WBxx_HAL_Driver/Src/stm32wbxx_hal_rcc.o
 .debug_info    0x0000c042     0x1c40 ./Drivers/STM32WBxx_HAL_Driver/Src/stm32wbxx_hal_rcc_ex.o
 .debug_info    0x0000dc82     0x49f4 ./Drivers/STM32WBxx_HAL_Driver/Src/stm32wbxx_hal_uart.o

.debug_abbrev   0x00000000     0x251b
 .debug_abbrev  0x00000000      0x2c1 ./Core/Src/main.o
 .debug_abbrev  0x000002c1      0x23b ./Core/Src/stm32wbxx_hal_msp.o
 .debug_abbrev  0x000004fc       0x73 ./Core/Src/stm32wbxx_it.o
 .debug_abbrev  0x0000056f      0x13b ./Core/Src/system_stm32wbxx.o
 .debug_abbrev  0x000006aa       0x24 ./Core/Startup/startup_stm32wb55rgvx.o
 .debug_abbrev  0x000006ce      0x2e7 ./Drivers/BSP/P-NUCLEO-WB55.Nucleo/stm32wbxx_nucleo.o
 .debug_abbrev  0x000009b5      0x367 ./Drivers/STM32WBxx_HAL_Driver/Src/stm32wbxx_hal.o
 .debug_abbrev  0x00000d1c      0x319 ./Drivers/STM32WBxx_HAL_Driver/Src/stm32wbxx_hal_cortex.o
 .debug_abbrev  0x00001035      0x1e5 ./Drivers/STM32WBxx_HAL_Driver/Src/stm32wbxx_hal_gpio.o
 .debug_abbrev  0x0000121a      0x260 ./Drivers/STM32WBxx_HAL_Driver/Src/stm32wbxx_hal_i2c.o
 .debug_abbrev  0x0000147a      0x1c8 ./Drivers/STM32WBxx_HAL_Driver/Src/stm32wbxx_hal_i2c_ex.o
 .debug_abbrev  0x00001642      0x205 ./Drivers/STM32WBxx_HAL_Driver/Src/stm32wbxx_hal_pwr.o
 .debug_abbrev  0x00001847      0x31c ./Drivers/STM32WBxx_HAL_Driver/Src/stm32wbxx_hal_pwr_ex.o
 .debug_abbrev  0x00001b63      0x31b ./Drivers/STM32WBxx_HAL_Driver/Src/stm32wbxx_hal_rcc.o
 .debug_abbrev  0x00001e7e      0x35a ./Drivers/STM32WBxx_HAL_Driver/Src/stm32wbxx_hal_rcc_ex.o
 .debug_abbrev  0x000021d8      0x343 ./Drivers/STM32WBxx_HAL_Driver/Src/stm32wbxx_hal_uart.o

.debug_aranges  0x00000000     0x1490
 .debug_aranges
                0x00000000       0x50 ./Core/Src/main.o
 .debug_aranges
                0x00000050       0x48 ./Core/Src/stm32wbxx_hal_msp.o
 .debug_aranges
                0x00000098       0x60 ./Core/Src/stm32wbxx_it.o
 .debug_aranges
                0x000000f8       0x28 ./Core/Src/system_stm32wbxx.o
 .debug_aranges
                0x00000120       0x30 ./Core/Startup/startup_stm32wb55rgvx.o
 .debug_aranges
                0x00000150       0xb0 ./Drivers/BSP/P-NUCLEO-WB55.Nucleo/stm32wbxx_nucleo.o
 .debug_aranges
                0x00000200      0x280 ./Drivers/STM32WBxx_HAL_Driver/Src/stm32wbxx_hal.o
 .debug_aranges
                0x00000480      0x118 ./Drivers/STM32WBxx_HAL_Driver/Src/stm32wbxx_hal_cortex.o
 .debug_aranges
                0x00000598       0x60 ./Drivers/STM32WBxx_HAL_Driver/Src/stm32wbxx_hal_gpio.o
 .debug_aranges
                0x000005f8      0x2a0 ./Drivers/STM32WBxx_HAL_Driver/Src/stm32wbxx_hal_i2c.o
 .debug_aranges
                0x00000898       0x48 ./Drivers/STM32WBxx_HAL_Driver/Src/stm32wbxx_hal_i2c_ex.o
 .debug_aranges
                0x000008e0       0xd0 ./Drivers/STM32WBxx_HAL_Driver/Src/stm32wbxx_hal_pwr.o
 .debug_aranges
                0x000009b0      0x288 ./Drivers/STM32WBxx_HAL_Driver/Src/stm32wbxx_hal_pwr_ex.o
 .debug_aranges
                0x00000c38      0x270 ./Drivers/STM32WBxx_HAL_Driver/Src/stm32wbxx_hal_rcc.o
 .debug_aranges
                0x00000ea8      0x390 ./Drivers/STM32WBxx_HAL_Driver/Src/stm32wbxx_hal_rcc_ex.o
 .debug_aranges
                0x00001238      0x258 ./Drivers/STM32WBxx_HAL_Driver/Src/stm32wbxx_hal_uart.o

.debug_rnglists
                0x00000000      0xfc7
 .debug_rnglists
                0x00000000       0x3a ./Core/Src/main.o
 .debug_rnglists
                0x0000003a       0x32 ./Core/Src/stm32wbxx_hal_msp.o
 .debug_rnglists
                0x0000006c       0x43 ./Core/Src/stm32wbxx_it.o
 .debug_rnglists
                0x000000af       0x1b ./Core/Src/system_stm32wbxx.o
 .debug_rnglists
                0x000000ca       0x1f ./Core/Startup/startup_stm32wb55rgvx.o
 .debug_rnglists
                0x000000e9       0x80 ./Drivers/BSP/P-NUCLEO-WB55.Nucleo/stm32wbxx_nucleo.o
 .debug_rnglists
                0x00000169      0x1db ./Drivers/STM32WBxx_HAL_Driver/Src/stm32wbxx_hal.o
 .debug_rnglists
                0x00000344       0xce ./Drivers/STM32WBxx_HAL_Driver/Src/stm32wbxx_hal_cortex.o
 .debug_rnglists
                0x00000412       0x45 ./Drivers/STM32WBxx_HAL_Driver/Src/stm32wbxx_hal_gpio.o
 .debug_rnglists
                0x00000457      0x228 ./Drivers/STM32WBxx_HAL_Driver/Src/stm32wbxx_hal_i2c.o
 .debug_rnglists
                0x0000067f       0x35 ./Drivers/STM32WBxx_HAL_Driver/Src/stm32wbxx_hal_i2c_ex.o
 .debug_rnglists
                0x000006b4       0x99 ./Drivers/STM32WBxx_HAL_Driver/Src/stm32wbxx_hal_pwr.o
 .debug_rnglists
                0x0000074d      0x1e8 ./Drivers/STM32WBxx_HAL_Driver/Src/stm32wbxx_hal_pwr_ex.o
 .debug_rnglists
                0x00000935      0x1d6 ./Drivers/STM32WBxx_HAL_Driver/Src/stm32wbxx_hal_rcc.o
 .debug_rnglists
                0x00000b0b      0x2b6 ./Drivers/STM32WBxx_HAL_Driver/Src/stm32wbxx_hal_rcc_ex.o
 .debug_rnglists
                0x00000dc1      0x206 ./Drivers/STM32WBxx_HAL_Driver/Src/stm32wbxx_hal_uart.o

.debug_macro    0x00000000    0x21e3a
 .debug_macro   0x00000000      0x32f ./Core/Src/main.o
 .debug_macro   0x0000032f      0xac6 ./Core/Src/main.o
 .debug_macro   0x00000df5      0x130 ./Core/Src/main.o
 .debug_macro   0x00000f25       0x2e ./Core/Src/main.o
 .debug_macro   0x00000f53       0x2e ./Core/Src/main.o
 .debug_macro   0x00000f81       0x22 ./Core/Src/main.o
 .debug_macro   0x00000fa3       0x8e ./Core/Src/main.o
 .debug_macro   0x00001031       0x51 ./Core/Src/main.o
 .debug_macro   0x00001082      0x103 ./Core/Src/main.o
 .debug_macro   0x00001185       0x6a ./Core/Src/main.o
 .debug_macro   0x000011ef      0x1df ./Core/Src/main.o
 .debug_macro   0x000013ce       0x1c ./Core/Src/main.o
 .debug_macro   0x000013ea       0x22 ./Core/Src/main.o
 .debug_macro   0x0000140c       0xfb ./Core/Src/main.o
 .debug_macro   0x00001507     0x1011 ./Core/Src/main.o
 .debug_macro   0x00002518      0x11f ./Core/Src/main.o
 .debug_macro   0x00002637    0x12adb ./Core/Src/main.o
 .debug_macro   0x00015112       0x6c ./Core/Src/main.o
 .debug_macro   0x0001517e     0x34e1 ./Core/Src/main.o
 .debug_macro   0x0001865f      0x189 ./Core/Src/main.o
 .debug_macro   0x000187e8       0x5c ./Core/Src/main.o
 .debug_macro   0x00018844      0x3f5 ./Core/Src/main.o
 .debug_macro   0x00018c39      0x286 ./Core/Src/main.o
 .debug_macro   0x00018ebf      0x30d ./Core/Src/main.o
 .debug_macro   0x000191cc      0x17e ./Core/Src/main.o
 .debug_macro   0x0001934a       0x43 ./Core/Src/main.o
 .debug_macro   0x0001938d      0x236 ./Core/Src/main.o
 .debug_macro   0x000195c3      0x24a ./Core/Src/main.o
 .debug_macro   0x0001980d      0x57b ./Core/Src/main.o
 .debug_macro   0x00019d88       0x2e ./Core/Src/main.o
 .debug_macro   0x00019db6      0x100 ./Core/Src/main.o
 .debug_macro   0x00019eb6      0x1ba ./Core/Src/main.o
 .debug_macro   0x0001a070      0x1cd ./Core/Src/main.o
 .debug_macro   0x0001a23d      0x22c ./Core/Src/main.o
 .debug_macro   0x0001a469       0x55 ./Core/Src/main.o
 .debug_macro   0x0001a4be       0xa5 ./Core/Src/main.o
 .debug_macro   0x0001a563      0x381 ./Core/Src/main.o
 .debug_macro   0x0001a8e4      0x13d ./Core/Src/main.o
 .debug_macro   0x0001aa21      0x141 ./Core/Src/main.o
 .debug_macro   0x0001ab62      0x4ff ./Core/Src/main.o
 .debug_macro   0x0001b061      0x874 ./Core/Src/main.o
 .debug_macro   0x0001b8d5      0x259 ./Core/Src/main.o
 .debug_macro   0x0001bb2e     0x1bb1 ./Core/Src/main.o
 .debug_macro   0x0001d6df       0xe4 ./Core/Src/main.o
 .debug_macro   0x0001d7c3      0x5e7 ./Core/Src/main.o
 .debug_macro   0x0001ddaa      0x693 ./Core/Src/main.o
 .debug_macro   0x0001e43d       0xa6 ./Core/Src/main.o
 .debug_macro   0x0001e4e3      0x557 ./Core/Src/main.o
 .debug_macro   0x0001ea3a      0x433 ./Core/Src/main.o
 .debug_macro   0x0001ee6d       0x52 ./Core/Src/main.o
 .debug_macro   0x0001eebf       0x2e ./Core/Src/main.o
 .debug_macro   0x0001eeed      0x273 ./Core/Src/main.o
 .debug_macro   0x0001f160       0x61 ./Core/Src/main.o
 .debug_macro   0x0001f1c1       0x2a ./Core/Src/main.o
 .debug_macro   0x0001f1eb       0x43 ./Core/Src/main.o
 .debug_macro   0x0001f22e       0x34 ./Core/Src/main.o
 .debug_macro   0x0001f262       0x16 ./Core/Src/main.o
 .debug_macro   0x0001f278       0x35 ./Core/Src/main.o
 .debug_macro   0x0001f2ad      0x369 ./Core/Src/main.o
 .debug_macro   0x0001f616       0x10 ./Core/Src/main.o
 .debug_macro   0x0001f626       0x16 ./Core/Src/main.o
 .debug_macro   0x0001f63c       0x43 ./Core/Src/main.o
 .debug_macro   0x0001f67f       0x34 ./Core/Src/main.o
 .debug_macro   0x0001f6b3       0x10 ./Core/Src/main.o
 .debug_macro   0x0001f6c3       0x58 ./Core/Src/main.o
 .debug_macro   0x0001f71b       0x8e ./Core/Src/main.o
 .debug_macro   0x0001f7a9       0x1c ./Core/Src/main.o
 .debug_macro   0x0001f7c5      0x177 ./Core/Src/main.o
 .debug_macro   0x0001f93c       0x16 ./Core/Src/main.o
 .debug_macro   0x0001f952       0x16 ./Core/Src/main.o
 .debug_macro   0x0001f968      0x146 ./Core/Src/main.o
 .debug_macro   0x0001faae       0x64 ./Core/Src/main.o
 .debug_macro   0x0001fb12      0x32f ./Core/Src/stm32wbxx_hal_msp.o
 .debug_macro   0x0001fe41      0x339 ./Core/Src/stm32wbxx_it.o
 .debug_macro   0x0002017a      0x227 ./Core/Src/system_stm32wbxx.o
 .debug_macro   0x000203a1      0x27e ./Drivers/BSP/P-NUCLEO-WB55.Nucleo/stm32wbxx_nucleo.o
 .debug_macro   0x0002061f       0x28 ./Drivers/BSP/P-NUCLEO-WB55.Nucleo/stm32wbxx_nucleo.o
 .debug_macro   0x00020647      0x24b ./Drivers/STM32WBxx_HAL_Driver/Src/stm32wbxx_hal.o
 .debug_macro   0x00020892      0x227 ./Drivers/STM32WBxx_HAL_Driver/Src/stm32wbxx_hal_cortex.o
 .debug_macro   0x00020ab9      0x22e ./Drivers/STM32WBxx_HAL_Driver/Src/stm32wbxx_hal_gpio.o
 .debug_macro   0x00020ce7      0x2f3 ./Drivers/STM32WBxx_HAL_Driver/Src/stm32wbxx_hal_i2c.o
 .debug_macro   0x00020fda      0x227 ./Drivers/STM32WBxx_HAL_Driver/Src/stm32wbxx_hal_i2c_ex.o
 .debug_macro   0x00021201      0x299 ./Drivers/STM32WBxx_HAL_Driver/Src/stm32wbxx_hal_pwr.o
 .debug_macro   0x0002149a      0x239 ./Drivers/STM32WBxx_HAL_Driver/Src/stm32wbxx_hal_pwr_ex.o
 .debug_macro   0x000216d3      0x299 ./Drivers/STM32WBxx_HAL_Driver/Src/stm32wbxx_hal_rcc.o
 .debug_macro   0x0002196c      0x27c ./Drivers/STM32WBxx_HAL_Driver/Src/stm32wbxx_hal_rcc_ex.o
 .debug_macro   0x00021be8      0x252 ./Drivers/STM32WBxx_HAL_Driver/Src/stm32wbxx_hal_uart.o

.debug_line     0x00000000    0x132c2
 .debug_line    0x00000000      0xb3f ./Core/Src/main.o
 .debug_line    0x00000b3f      0xa86 ./Core/Src/stm32wbxx_hal_msp.o
 .debug_line    0x000015c5      0xa8b ./Core/Src/stm32wbxx_it.o
 .debug_line    0x00002050      0x8b6 ./Core/Src/system_stm32wbxx.o
 .debug_line    0x00002906       0x83 ./Core/Startup/startup_stm32wb55rgvx.o
 .debug_line    0x00002989      0xb5e ./Drivers/BSP/P-NUCLEO-WB55.Nucleo/stm32wbxx_nucleo.o
 .debug_line    0x000034e7     0x1055 ./Drivers/STM32WBxx_HAL_Driver/Src/stm32wbxx_hal.o
 .debug_line    0x0000453c      0xd81 ./Drivers/STM32WBxx_HAL_Driver/Src/stm32wbxx_hal_cortex.o
 .debug_line    0x000052bd      0xc52 ./Drivers/STM32WBxx_HAL_Driver/Src/stm32wbxx_hal_gpio.o
 .debug_line    0x00005f0f     0x3af2 ./Drivers/STM32WBxx_HAL_Driver/Src/stm32wbxx_hal_i2c.o
 .debug_line    0x00009a01      0xa1f ./Drivers/STM32WBxx_HAL_Driver/Src/stm32wbxx_hal_i2c_ex.o
 .debug_line    0x0000a420      0xa9c ./Drivers/STM32WBxx_HAL_Driver/Src/stm32wbxx_hal_pwr.o
 .debug_line    0x0000aebc     0x1196 ./Drivers/STM32WBxx_HAL_Driver/Src/stm32wbxx_hal_pwr_ex.o
 .debug_line    0x0000c052     0x18f7 ./Drivers/STM32WBxx_HAL_Driver/Src/stm32wbxx_hal_rcc.o
 .debug_line    0x0000d949     0x1d02 ./Drivers/STM32WBxx_HAL_Driver/Src/stm32wbxx_hal_rcc_ex.o
 .debug_line    0x0000f64b     0x3c77 ./Drivers/STM32WBxx_HAL_Driver/Src/stm32wbxx_hal_uart.o

.debug_str      0x00000000    0xd9439
 .debug_str     0x00000000    0xd3a87 ./Core/Src/main.o
                              0xd46f5 (size before relaxing)
 .debug_str     0x000d3a87       0x96 ./Core/Src/stm32wbxx_hal_msp.o
                              0xd4237 (size before relaxing)
 .debug_str     0x000d3b1d       0xc9 ./Core/Src/stm32wbxx_it.o
                              0xd3814 (size before relaxing)
 .debug_str     0x000d3be6      0x105 ./Core/Src/system_stm32wbxx.o
                              0xceff4 (size before relaxing)
 .debug_str     0x000d3ceb       0x44 ./Core/Startup/startup_stm32wb55rgvx.o
                                 0x86 (size before relaxing)
 .debug_str     0x000d3d2f      0xa74 ./Drivers/BSP/P-NUCLEO-WB55.Nucleo/stm32wbxx_nucleo.o
                              0xd11e9 (size before relaxing)
 .debug_str     0x000d47a3      0xa24 ./Drivers/STM32WBxx_HAL_Driver/Src/stm32wbxx_hal.o
                              0xcfeda (size before relaxing)
 .debug_str     0x000d51c7      0x338 ./Drivers/STM32WBxx_HAL_Driver/Src/stm32wbxx_hal_cortex.o
                              0xcf692 (size before relaxing)
 .debug_str     0x000d54ff      0x128 ./Drivers/STM32WBxx_HAL_Driver/Src/stm32wbxx_hal_gpio.o
                              0xcefce (size before relaxing)
 .debug_str     0x000d5627      0xdd3 ./Drivers/STM32WBxx_HAL_Driver/Src/stm32wbxx_hal_i2c.o
                              0xd0211 (size before relaxing)
 .debug_str     0x000d63fa       0xb8 ./Drivers/STM32WBxx_HAL_Driver/Src/stm32wbxx_hal_i2c_ex.o
                              0xcf403 (size before relaxing)
 .debug_str     0x000d64b2      0x5d0 ./Drivers/STM32WBxx_HAL_Driver/Src/stm32wbxx_hal_pwr.o
                              0xcf464 (size before relaxing)
 .debug_str     0x000d6a82      0x826 ./Drivers/STM32WBxx_HAL_Driver/Src/stm32wbxx_hal_pwr_ex.o
                              0xcf965 (size before relaxing)
 .debug_str     0x000d72a8      0xb3f ./Drivers/STM32WBxx_HAL_Driver/Src/stm32wbxx_hal_rcc.o
                              0xcfe52 (size before relaxing)
 .debug_str     0x000d7de7      0xc80 ./Drivers/STM32WBxx_HAL_Driver/Src/stm32wbxx_hal_rcc_ex.o
                              0xd027b (size before relaxing)
 .debug_str     0x000d8a67      0x9d2 ./Drivers/STM32WBxx_HAL_Driver/Src/stm32wbxx_hal_uart.o
                              0xcffd4 (size before relaxing)

.comment        0x00000000       0x43
 .comment       0x00000000       0x43 ./Core/Src/main.o
                                 0x44 (size before relaxing)
 .comment       0x00000043       0x44 ./Core/Src/stm32wbxx_hal_msp.o
 .comment       0x00000043       0x44 ./Core/Src/stm32wbxx_it.o
 .comment       0x00000043       0x44 ./Core/Src/system_stm32wbxx.o
 .comment       0x00000043       0x44 ./Drivers/BSP/P-NUCLEO-WB55.Nucleo/stm32wbxx_nucleo.o
 .comment       0x00000043       0x44 ./Drivers/STM32WBxx_HAL_Driver/Src/stm32wbxx_hal.o
 .comment       0x00000043       0x44 ./Drivers/STM32WBxx_HAL_Driver/Src/stm32wbxx_hal_cortex.o
 .comment       0x00000043       0x44 ./Drivers/STM32WBxx_HAL_Driver/Src/stm32wbxx_hal_gpio.o
 .comment       0x00000043       0x44 ./Drivers/STM32WBxx_HAL_Driver/Src/stm32wbxx_hal_i2c.o
 .comment       0x00000043       0x44 ./Drivers/STM32WBxx_HAL_Driver/Src/stm32wbxx_hal_i2c_ex.o
 .comment       0x00000043       0x44 ./Drivers/STM32WBxx_HAL_Driver/Src/stm32wbxx_hal_pwr.o
 .comment       0x00000043       0x44 ./Drivers/STM32WBxx_HAL_Driver/Src/stm32wbxx_hal_pwr_ex.o
 .comment       0x00000043       0x44 ./Drivers/STM32WBxx_HAL_Driver/Src/stm32wbxx_hal_rcc.o
 .comment       0x00000043       0x44 ./Drivers/STM32WBxx_HAL_Driver/Src/stm32wbxx_hal_rcc_ex.o
 .comment       0x00000043       0x44 ./Drivers/STM32WBxx_HAL_Driver/Src/stm32wbxx_hal_uart.o

.debug_frame    0x00000000     0x569c
 .debug_frame   0x00000000       0xf4 ./Core/Src/main.o
 .debug_frame   0x000000f4       0xf0 ./Core/Src/stm32wbxx_hal_msp.o
 .debug_frame   0x000001e4      0x104 ./Core/Src/stm32wbxx_it.o
 .debug_frame   0x000002e8       0x58 ./Core/Src/system_stm32wbxx.o
 .debug_frame   0x00000340      0x2c8 ./Drivers/BSP/P-NUCLEO-WB55.Nucleo/stm32wbxx_nucleo.o
 .debug_frame   0x00000608      0xa34 ./Drivers/STM32WBxx_HAL_Driver/Src/stm32wbxx_hal.o
 .debug_frame   0x0000103c      0x49c ./Drivers/STM32WBxx_HAL_Driver/Src/stm32wbxx_hal_cortex.o
 .debug_frame   0x000014d8      0x174 ./Drivers/STM32WBxx_HAL_Driver/Src/stm32wbxx_hal_gpio.o
 .debug_frame   0x0000164c      0xc38 ./Drivers/STM32WBxx_HAL_Driver/Src/stm32wbxx_hal_i2c.o
 .debug_frame   0x00002284      0x100 ./Drivers/STM32WBxx_HAL_Driver/Src/stm32wbxx_hal_i2c_ex.o
 .debug_frame   0x00002384      0x344 ./Drivers/STM32WBxx_HAL_Driver/Src/stm32wbxx_hal_pwr.o
 .debug_frame   0x000026c8      0xb00 ./Drivers/STM32WBxx_HAL_Driver/Src/stm32wbxx_hal_pwr_ex.o
 .debug_frame   0x000031c8      0xa0c ./Drivers/STM32WBxx_HAL_Driver/Src/stm32wbxx_hal_rcc.o
 .debug_frame   0x00003bd4      0xf38 ./Drivers/STM32WBxx_HAL_Driver/Src/stm32wbxx_hal_rcc_ex.o
 .debug_frame   0x00004b0c      0xae4 ./Drivers/STM32WBxx_HAL_Driver/Src/stm32wbxx_hal_uart.o
 .debug_frame   0x000055f0       0x20 D:/stmMX/STM32CubeIDE_1.17.0/STM32CubeIDE/plugins/com.st.stm32cube.ide.mcu.externaltools.gnu-tools-for-stm32.12.3.rel1.win32_1.1.0.202410251130/tools/bin/../lib/gcc/arm-none-eabi/12.3.1/../../../../arm-none-eabi/lib/thumb/v7e-m+fp/hard\libc_nano.a(libc_a-memset.o)
 .debug_frame   0x00005610       0x2c D:/stmMX/STM32CubeIDE_1.17.0/STM32CubeIDE/plugins/com.st.stm32cube.ide.mcu.externaltools.gnu-tools-for-stm32.12.3.rel1.win32_1.1.0.202410251130/tools/bin/../lib/gcc/arm-none-eabi/12.3.1/../../../../arm-none-eabi/lib/thumb/v7e-m+fp/hard\libc_nano.a(libc_a-init.o)
 .debug_frame   0x0000563c       0x2c D:/stmMX/STM32CubeIDE_1.17.0/STM32CubeIDE/plugins/com.st.stm32cube.ide.mcu.externaltools.gnu-tools-for-stm32.12.3.rel1.win32_1.1.0.202410251130/tools/bin/../lib/gcc/arm-none-eabi/12.3.1/thumb/v7e-m+fp/hard\libgcc.a(_aeabi_uldivmod.o)
 .debug_frame   0x00005668       0x34 D:/stmMX/STM32CubeIDE_1.17.0/STM32CubeIDE/plugins/com.st.stm32cube.ide.mcu.externaltools.gnu-tools-for-stm32.12.3.rel1.win32_1.1.0.202410251130/tools/bin/../lib/gcc/arm-none-eabi/12.3.1/thumb/v7e-m+fp/hard\libgcc.a(_udivmoddi4.o)

.debug_line_str
                0x00000000       0x6a
 .debug_line_str
                0x00000000       0x6a ./Core/Startup/startup_stm32wb55rgvx.o
