12:01:14 **** Incremental Build of configuration Debug for project master cod ****
make -j12 all 
arm-none-eabi-gcc "../Core/Src/main.c" -mcpu=cortex-m4 -std=gnu11 -g3 -DDEBUG -DUSE_NUCLEO_64 -DUSE_HAL_DRIVER -DSTM32G431xx -c -I../Core/Inc -I../Drivers/STM32G4xx_HAL_Driver/Inc -I../Drivers/STM32G4xx_HAL_Driver/Inc/Legacy -I../Drivers/BSP/STM32G4xx_Nucleo -I../Drivers/CMSIS/Device/ST/STM32G4xx/Include -I../Drivers/CMSIS/Include -O0 -ffunction-sections -fdata-sections -Wall -fstack-usage -fcyclomatic-complexity -MMD -MP -MF"Core/Src/main.d" -MT"Core/Src/main.o" --specs=nano.specs -mfpu=fpv4-sp-d16 -mfloat-abi=hard -mthumb -o "Core/Src/main.o"
arm-none-eabi-gcc -o "master cod.elf" @"objects.list"   -mcpu=cortex-m4 -T"C:\Users\seljery.ACTIA\Desktop\code stm32\EX_I2C\master cod\STM32G431RBTX_FLASH.ld" --specs=nosys.specs -Wl,-Map="master cod.map" -Wl,--gc-sections -static --specs=nano.specs -mfpu=fpv4-sp-d16 -mfloat-abi=hard -mthumb -Wl,--start-group -lc -lm -Wl,--end-group
Finished building target: master cod.elf
 
arm-none-eabi-size  master\ cod.elf 
arm-none-eabi-objdump -h -S master\ cod.elf  > "master cod.list"
   text	   data	    bss	    dec	    hex	filename
  15176	     36	   1916	  17128	   42e8	master cod.elf
Finished building: default.size.stdout
 
Finished building: master cod.list
 

12:01:17 Build Finished. 0 errors, 0 warnings. (took 3s.158ms)

