11:55:12 **** Incremental Build of configuration Debug for project slave code ****
make -j12 all 
arm-none-eabi-gcc "../Core/Src/main.c" -mcpu=cortex-m4 -std=gnu11 -g3 -DDEBUG -DUSE_NUCLEO_64 -DUSE_BSP_COM_FEATURE=1 -DUSE_COM_LOG=1 -DUSE_HAL_DRIVER -DSTM32WB55xx -c -I../Core/Inc -I../Drivers/STM32WBxx_HAL_Driver/Inc -I../Drivers/STM32WBxx_HAL_Driver/Inc/Legacy -I../Drivers/BSP/P-NUCLEO-WB55.Nucleo -I../Drivers/CMSIS/Device/ST/STM32WBxx/Include -I../Drivers/CMSIS/Include -O0 -ffunction-sections -fdata-sections -Wall -fstack-usage -fcyclomatic-complexity -MMD -MP -MF"Core/Src/main.d" -MT"Core/Src/main.o" --specs=nano.specs -mfpu=fpv4-sp-d16 -mfloat-abi=hard -mthumb -o "Core/Src/main.o"
In file included from ../Drivers/BSP/P-NUCLEO-WB55.Nucleo/stm32wbxx_nucleo.h:31,
                 from ../Core/Inc/main.h:31,
                 from ../Core/Src/main.c:21:
../Core/Inc/stm32wbxx_nucleo_conf.h:52: warning: "USE_COM_LOG" redefined
   52 | #define USE_COM_LOG                         1U
      | 
<command-line>: note: this is the location of the previous definition
../Core/Inc/stm32wbxx_nucleo_conf.h:53: warning: "USE_BSP_COM_FEATURE" redefined
   53 | #define USE_BSP_COM_FEATURE                 1U
      | 
<command-line>: note: this is the location of the previous definition
arm-none-eabi-gcc -o "slave code.elf" @"objects.list"   -mcpu=cortex-m4 -T"C:\Users\seljery.ACTIA\Desktop\code stm32\EX_I2C\slave code\STM32WB55RGVX_FLASH.ld" --specs=nosys.specs -Wl,-Map="slave code.map" -Wl,--gc-sections -static --specs=nano.specs -mfpu=fpv4-sp-d16 -mfloat-abi=hard -mthumb -Wl,--start-group -lc -lm -Wl,--end-group
Finished building target: slave code.elf
 
arm-none-eabi-size  slave\ code.elf 
arm-none-eabi-objdump -h -S slave\ code.elf  > "slave code.list"
arm-none-eabi-objcopy  -O ihex slave\ code.elf  "slave code.hex"
   text	   data	    bss	    dec	    hex	filename
  17868	     40	   1824	  19732	   4d14	slave code.elf
arm-none-eabi-objcopy  -O binary slave\ code.elf  "slave code.bin"
arm-none-eabi-objcopy  -O verilog slave\ code.elf  "slave code.verilog"
Finished building: default.size.stdout
arm-none-eabi-objcopy  -O srec slave\ code.elf  "slave code.srec"
arm-none-eabi-objcopy  -O symbolsrec slave\ code.elf  "slave code.symbolsrec"
 
Finished building: slave code.hex
Finished building: slave code.srec
Finished building: slave code.verilog
 
 
Finished building: slave code.bin
Finished building: slave code.list
Finished building: slave code.symbolsrec
 
 
 
 

11:55:15 Build Finished. 0 errors, 2 warnings. (took 3s.513ms)

